Archive member included to satisfy reference by file (symbol)

C:/ST/STM32CubeIDE_1.14.0/STM32CubeIDE/plugins/com.st.stm32cube.ide.mcu.externaltools.gnu-tools-for-stm32.11.3.rel1.win32_1.1.100.202309141235/tools/bin/../lib/gcc/arm-none-eabi/11.3.1/../../../../arm-none-eabi/lib/thumb/v8-m.main+fp/hard\libc_nano.a(libc_a-calloc.o)
                              ./Core/Src/spi_common.o (calloc)
C:/ST/STM32CubeIDE_1.14.0/STM32CubeIDE/plugins/com.st.stm32cube.ide.mcu.externaltools.gnu-tools-for-stm32.11.3.rel1.win32_1.1.100.202309141235/tools/bin/../lib/gcc/arm-none-eabi/11.3.1/../../../../arm-none-eabi/lib/thumb/v8-m.main+fp/hard\libc_nano.a(libc_a-callocr.o)
                              C:/ST/STM32CubeIDE_1.14.0/STM32CubeIDE/plugins/com.st.stm32cube.ide.mcu.externaltools.gnu-tools-for-stm32.11.3.rel1.win32_1.1.100.202309141235/tools/bin/../lib/gcc/arm-none-eabi/11.3.1/../../../../arm-none-eabi/lib/thumb/v8-m.main+fp/hard\libc_nano.a(libc_a-calloc.o) (_calloc_r)
C:/ST/STM32CubeIDE_1.14.0/STM32CubeIDE/plugins/com.st.stm32cube.ide.mcu.externaltools.gnu-tools-for-stm32.11.3.rel1.win32_1.1.100.202309141235/tools/bin/../lib/gcc/arm-none-eabi/11.3.1/../../../../arm-none-eabi/lib/thumb/v8-m.main+fp/hard\libc_nano.a(libc_a-exit.o)
                              C:/ST/STM32CubeIDE_1.14.0/STM32CubeIDE/plugins/com.st.stm32cube.ide.mcu.externaltools.gnu-tools-for-stm32.11.3.rel1.win32_1.1.100.202309141235/tools/bin/../lib/gcc/arm-none-eabi/11.3.1/../../../../arm-none-eabi/lib/thumb/v8-m.main+fp/hard/crt0.o (exit)
C:/ST/STM32CubeIDE_1.14.0/STM32CubeIDE/plugins/com.st.stm32cube.ide.mcu.externaltools.gnu-tools-for-stm32.11.3.rel1.win32_1.1.100.202309141235/tools/bin/../lib/gcc/arm-none-eabi/11.3.1/../../../../arm-none-eabi/lib/thumb/v8-m.main+fp/hard\libc_nano.a(libc_a-malloc.o)
                              ./Core/Src/spi_common.o (malloc)
C:/ST/STM32CubeIDE_1.14.0/STM32CubeIDE/plugins/com.st.stm32cube.ide.mcu.externaltools.gnu-tools-for-stm32.11.3.rel1.win32_1.1.100.202309141235/tools/bin/../lib/gcc/arm-none-eabi/11.3.1/../../../../arm-none-eabi/lib/thumb/v8-m.main+fp/hard\libc_nano.a(libc_a-mallocr.o)
                              C:/ST/STM32CubeIDE_1.14.0/STM32CubeIDE/plugins/com.st.stm32cube.ide.mcu.externaltools.gnu-tools-for-stm32.11.3.rel1.win32_1.1.100.202309141235/tools/bin/../lib/gcc/arm-none-eabi/11.3.1/../../../../arm-none-eabi/lib/thumb/v8-m.main+fp/hard\libc_nano.a(libc_a-callocr.o) (_malloc_r)
C:/ST/STM32CubeIDE_1.14.0/STM32CubeIDE/plugins/com.st.stm32cube.ide.mcu.externaltools.gnu-tools-for-stm32.11.3.rel1.win32_1.1.100.202309141235/tools/bin/../lib/gcc/arm-none-eabi/11.3.1/../../../../arm-none-eabi/lib/thumb/v8-m.main+fp/hard\libc_nano.a(libc_a-mlock.o)
                              C:/ST/STM32CubeIDE_1.14.0/STM32CubeIDE/plugins/com.st.stm32cube.ide.mcu.externaltools.gnu-tools-for-stm32.11.3.rel1.win32_1.1.100.202309141235/tools/bin/../lib/gcc/arm-none-eabi/11.3.1/../../../../arm-none-eabi/lib/thumb/v8-m.main+fp/hard\libc_nano.a(libc_a-mallocr.o) (__malloc_lock)
C:/ST/STM32CubeIDE_1.14.0/STM32CubeIDE/plugins/com.st.stm32cube.ide.mcu.externaltools.gnu-tools-for-stm32.11.3.rel1.win32_1.1.100.202309141235/tools/bin/../lib/gcc/arm-none-eabi/11.3.1/../../../../arm-none-eabi/lib/thumb/v8-m.main+fp/hard\libc_nano.a(libc_a-strtol.o)
                              ./Lib/minmea-master/minmea.o (strtol)
C:/ST/STM32CubeIDE_1.14.0/STM32CubeIDE/plugins/com.st.stm32cube.ide.mcu.externaltools.gnu-tools-for-stm32.11.3.rel1.win32_1.1.100.202309141235/tools/bin/../lib/gcc/arm-none-eabi/11.3.1/../../../../arm-none-eabi/lib/thumb/v8-m.main+fp/hard\libc_nano.a(libc_a-ctype_.o)
                              ./Lib/minmea-master/minmea.o (_ctype_)
C:/ST/STM32CubeIDE_1.14.0/STM32CubeIDE/plugins/com.st.stm32cube.ide.mcu.externaltools.gnu-tools-for-stm32.11.3.rel1.win32_1.1.100.202309141235/tools/bin/../lib/gcc/arm-none-eabi/11.3.1/../../../../arm-none-eabi/lib/thumb/v8-m.main+fp/hard\libc_nano.a(libc_a-findfp.o)
                              C:/ST/STM32CubeIDE_1.14.0/STM32CubeIDE/plugins/com.st.stm32cube.ide.mcu.externaltools.gnu-tools-for-stm32.11.3.rel1.win32_1.1.100.202309141235/tools/bin/../lib/gcc/arm-none-eabi/11.3.1/../../../../arm-none-eabi/lib/thumb/v8-m.main+fp/hard\libc_nano.a(libc_a-exit.o) (__stdio_exit_handler)
C:/ST/STM32CubeIDE_1.14.0/STM32CubeIDE/plugins/com.st.stm32cube.ide.mcu.externaltools.gnu-tools-for-stm32.11.3.rel1.win32_1.1.100.202309141235/tools/bin/../lib/gcc/arm-none-eabi/11.3.1/../../../../arm-none-eabi/lib/thumb/v8-m.main+fp/hard\libc_nano.a(libc_a-fwalk.o)
                              C:/ST/STM32CubeIDE_1.14.0/STM32CubeIDE/plugins/com.st.stm32cube.ide.mcu.externaltools.gnu-tools-for-stm32.11.3.rel1.win32_1.1.100.202309141235/tools/bin/../lib/gcc/arm-none-eabi/11.3.1/../../../../arm-none-eabi/lib/thumb/v8-m.main+fp/hard\libc_nano.a(libc_a-findfp.o) (_fwalk_sglue)
[...]
Memory Configuration

Name             Origin             Length             Attributes
RAM              0x0000000020000000 0x00000000000c0000 xrw
SRAM4            0x0000000028000000 0x0000000000004000 xrw
FLASH            0x0000000008000000 0x0000000000200000 xr
*default*        0x0000000000000000 0xffffffffffffffff

Linker script and memory map

LOAD C:/ST/STM32CubeIDE_1.14.0/STM32CubeIDE/plugins/com.st.stm32cube.ide.mcu.externaltools.gnu-tools-for-stm32.11.3.rel1.win32_1.1.100.202309141235/tools/bin/../lib/gcc/arm-none-eabi/11.3.1/thumb/v8-m.main+fp/hard/crti.o
LOAD C:/ST/STM32CubeIDE_1.14.0/STM32CubeIDE/plugins/com.st.stm32cube.ide.mcu.externaltools.gnu-tools-for-stm32.11.3.rel1.win32_1.1.100.202309141235/tools/bin/../lib/gcc/arm-none-eabi/11.3.1/thumb/v8-m.main+fp/hard/crtbegin.o
LOAD C:/ST/STM32CubeIDE_1.14.0/STM32CubeIDE/plugins/com.st.stm32cube.ide.mcu.externaltools.gnu-tools-for-stm32.11.3.rel1.win32_1.1.100.202309141235/tools/bin/../lib/gcc/arm-none-eabi/11.3.1/../../../../arm-none-eabi/lib/thumb/v8-m.main+fp/hard/crt0.o
LOAD ./Core/Src/IMU_DMP_init.o
LOAD ./Core/Src/app_freertos.o
LOAD ./Core/Src/delay.o
LOAD ./Core/Src/main.o
LOAD ./Core/Src/spi_common.o
LOAD ./Core/Src/spi_diskio.o
LOAD ./Core/Src/stm32u5xx_hal_msp.o
LOAD ./Core/Src/stm32u5xx_hal_timebase_tim.o
LOAD ./Core/Src/stm32u5xx_it.o
LOAD ./Core/Src/syscalls.o
LOAD ./Core/Src/sysmem.o
LOAD ./Core/Src/system_stm32u5xx.o
LOAD ./Core/Src/task_GPS.o
LOAD ./Core/Src/task_IMU.o
LOAD ./Core/Src/task_PTH.o
LOAD ./Core/Src/task_SD.o
LOAD ./Core/Startup/startup_stm32u575zitxq.o
LOAD ./Drivers/STM32U5xx_HAL_Driver/Src/stm32u5xx_hal.o
LOAD ./Drivers/STM32U5xx_HAL_Driver/Src/stm32u5xx_hal_cortex.o
LOAD ./Drivers/STM32U5xx_HAL_Driver/Src/stm32u5xx_hal_dma.o
LOAD ./Drivers/STM32U5xx_HAL_Driver/Src/stm32u5xx_hal_dma_ex.o
LOAD ./Drivers/STM32U5xx_HAL_Driver/Src/stm32u5xx_hal_exti.o
LOAD ./Drivers/STM32U5xx_HAL_Driver/Src/stm32u5xx_hal_flash.o
LOAD ./Drivers/STM32U5xx_HAL_Driver/Src/stm32u5xx_hal_flash_ex.o
LOAD ./Drivers/STM32U5xx_HAL_Driver/Src/stm32u5xx_hal_gpio.o
LOAD ./Drivers/STM32U5xx_HAL_Driver/Src/stm32u5xx_hal_gtzc.o
LOAD ./Drivers/STM32U5xx_HAL_Driver/Src/stm32u5xx_hal_i2c.o
LOAD ./Drivers/STM32U5xx_HAL_Driver/Src/stm32u5xx_hal_i2c_ex.o
LOAD ./Drivers/STM32U5xx_HAL_Driver/Src/stm32u5xx_hal_icache.o
LOAD ./Drivers/STM32U5xx_HAL_Driver/Src/stm32u5xx_hal_pwr.o
LOAD ./Drivers/STM32U5xx_HAL_Driver/Src/stm32u5xx_hal_pwr_ex.o
LOAD ./Drivers/STM32U5xx_HAL_Driver/Src/stm32u5xx_hal_rcc.o
LOAD ./Drivers/STM32U5xx_HAL_Driver/Src/stm32u5xx_hal_rcc_ex.o
LOAD ./Drivers/STM32U5xx_HAL_Driver/Src/stm32u5xx_hal_spi.o
LOAD ./Drivers/STM32U5xx_HAL_Driver/Src/stm32u5xx_hal_spi_ex.o
LOAD ./Drivers/STM32U5xx_HAL_Driver/Src/stm32u5xx_hal_tim.o
LOAD ./Drivers/STM32U5xx_HAL_Driver/Src/stm32u5xx_hal_tim_ex.o
LOAD ./Drivers/STM32U5xx_HAL_Driver/Src/stm32u5xx_hal_uart.o
LOAD ./Drivers/STM32U5xx_HAL_Driver/Src/stm32u5xx_hal_uart_ex.o
LOAD ./Lib/BME280/bme280.o
LOAD ./Lib/FATFS/ff.o
LOAD ./Lib/FATFS/ffsystem.o
LOAD ./Lib/FATFS/ffunicode.o
LOAD ./Lib/ICM_20948/src/util/ICM_20948_C.o
LOAD ./Lib/minmea-master/minmea.o
LOAD ./Middlewares/Third_Party/FreeRTOS/Source/CMSIS_RTOS_V2/cmsis_os2.o
LOAD ./Middlewares/Third_Party/FreeRTOS/Source/croutine.o
LOAD ./Middlewares/Third_Party/FreeRTOS/Source/event_groups.o
LOAD ./Middlewares/Third_Party/FreeRTOS/Source/list.o
LOAD ./Middlewares/Third_Party/FreeRTOS/Source/queue.o
LOAD ./Middlewares/Third_Party/FreeRTOS/Source/stream_buffer.o
LOAD ./Middlewares/Third_Party/FreeRTOS/Source/tasks.o
LOAD ./Middlewares/Third_Party/FreeRTOS/Source/timers.o
LOAD ./Middlewares/Third_Party/FreeRTOS/Source/portable/GCC/ARM_CM33_NTZ/non_secure/port.o
LOAD ./Middlewares/Third_Party/FreeRTOS/Source/portable/GCC/ARM_CM33_NTZ/non_secure/portasm.o
LOAD ./Middlewares/Third_Party/FreeRTOS/Source/portable/MemMang/heap_1.o
START GROUP
LOAD C:/ST/STM32CubeIDE_1.14.0/STM32CubeIDE/plugins/com.st.stm32cube.ide.mcu.externaltools.gnu-tools-for-stm32.11.3.rel1.win32_1.1.100.202309141235/tools/bin/../lib/gcc/arm-none-eabi/11.3.1/../../../../arm-none-eabi/lib/thumb/v8-m.main+fp/hard\libc_nano.a
LOAD C:/ST/STM32CubeIDE_1.14.0/STM32CubeIDE/plugins/com.st.stm32cube.ide.mcu.externaltools.gnu-tools-for-stm32.11.3.rel1.win32_1.1.100.202309141235/tools/bin/../lib/gcc/arm-none-eabi/11.3.1/../../../../arm-none-eabi/lib/thumb/v8-m.main+fp/hard\libm.a
END GROUP
START GROUP
LOAD C:/ST/STM32CubeIDE_1.14.0/STM32CubeIDE/plugins/com.st.stm32cube.ide.mcu.externaltools.gnu-tools-for-stm32.11.3.rel1.win32_1.1.100.202309141235/tools/bin/../lib/gcc/arm-none-eabi/11.3.1/thumb/v8-m.main+fp/hard\libgcc.a
LOAD C:/ST/STM32CubeIDE_1.14.0/STM32CubeIDE/plugins/com.st.stm32cube.ide.mcu.externaltools.gnu-tools-for-stm32.11.3.rel1.win32_1.1.100.202309141235/tools/bin/../lib/gcc/arm-none-eabi/11.3.1/../../../../arm-none-eabi/lib/thumb/v8-m.main+fp/hard\libc_nano.a
END GROUP
START GROUP
LOAD C:/ST/STM32CubeIDE_1.14.0/STM32CubeIDE/plugins/com.st.stm32cube.ide.mcu.externaltools.gnu-tools-for-stm32.11.3.rel1.win32_1.1.100.202309141235/tools/bin/../lib/gcc/arm-none-eabi/11.3.1/thumb/v8-m.main+fp/hard\libgcc.a
LOAD C:/ST/STM32CubeIDE_1.14.0/STM32CubeIDE/plugins/com.st.stm32cube.ide.mcu.externaltools.gnu-tools-for-stm32.11.3.rel1.win32_1.1.100.202309141235/tools/bin/../lib/gcc/arm-none-eabi/11.3.1/../../../../arm-none-eabi/lib/thumb/v8-m.main+fp/hard\libc_nano.a
LOAD C:/ST/STM32CubeIDE_1.14.0/STM32CubeIDE/plugins/com.st.stm32cube.ide.mcu.externaltools.gnu-tools-for-stm32.11.3.rel1.win32_1.1.100.202309141235/tools/bin/../lib/gcc/arm-none-eabi/11.3.1/../../../../arm-none-eabi/lib/thumb/v8-m.main+fp/hard\libnosys.a
END GROUP
START GROUP
LOAD C:/ST/STM32CubeIDE_1.14.0/STM32CubeIDE/plugins/com.st.stm32cube.ide.mcu.externaltools.gnu-tools-for-stm32.11.3.rel1.win32_1.1.100.202309141235/tools/bin/../lib/gcc/arm-none-eabi/11.3.1/thumb/v8-m.main+fp/hard\libgcc.a
LOAD C:/ST/STM32CubeIDE_1.14.0/STM32CubeIDE/plugins/com.st.stm32cube.ide.mcu.externaltools.gnu-tools-for-stm32.11.3.rel1.win32_1.1.100.202309141235/tools/bin/../lib/gcc/arm-none-eabi/11.3.1/../../../../arm-none-eabi/lib/thumb/v8-m.main+fp/hard\libc_nano.a
LOAD C:/ST/STM32CubeIDE_1.14.0/STM32CubeIDE/plugins/com.st.stm32cube.ide.mcu.externaltools.gnu-tools-for-stm32.11.3.rel1.win32_1.1.100.202309141235/tools/bin/../lib/gcc/arm-none-eabi/11.3.1/../../../../arm-none-eabi/lib/thumb/v8-m.main+fp/hard\libnosys.a
END GROUP
LOAD C:/ST/STM32CubeIDE_1.14.0/STM32CubeIDE/plugins/com.st.stm32cube.ide.mcu.externaltools.gnu-tools-for-stm32.11.3.rel1.win32_1.1.100.202309141235/tools/bin/../lib/gcc/arm-none-eabi/11.3.1/thumb/v8-m.main+fp/hard/crtend.o
LOAD C:/ST/STM32CubeIDE_1.14.0/STM32CubeIDE/plugins/com.st.stm32cube.ide.mcu.externaltools.gnu-tools-for-stm32.11.3.rel1.win32_1.1.100.202309141235/tools/bin/../lib/gcc/arm-none-eabi/11.3.1/thumb/v8-m.main+fp/hard/crtn.o
                0x00000000200c0000                _estack = (ORIGIN (RAM) + LENGTH (RAM))
                0x0000000000000200                _Min_Heap_Size = 0x200
                0x0000000000000400                _Min_Stack_Size = 0x400

.isr_vector     0x0000000008000000      0x238
 *(.isr_vector)
 .isr_vector    0x0000000008000000      0x238 ./Core/Startup/startup_stm32u575zitxq.o
                0x0000000008000000                g_pfnVectors

.text           0x0000000008000240     0xebc0
 *(.text)
 .text          0x0000000008000240       0x40 C:/ST/STM32CubeIDE_1.14.0/STM32CubeIDE/plugins/com.st.stm32cube.ide.mcu.externaltools.gnu-tools-for-stm32.11.3.rel1.win32_1.1.100.202309141235/tools/bin/../lib/gcc/arm-none-eabi/11.3.1/thumb/v8-m.main+fp/hard/crtbegin.o
 .text          0x0000000008000280       0x30 C:/ST/STM32CubeIDE_1.14.0/STM32CubeIDE/plugins/com.st.stm32cube.ide.mcu.externaltools.gnu-tools-for-stm32.11.3.rel1.win32_1.1.100.202309141235/tools/bin/../lib/gcc/arm-none-eabi/11.3.1/thumb/v8-m.main+fp/hard\libgcc.a(_aeabi_uldivmod.o)
                0x0000000008000280                __aeabi_uldivmod
 .text          0x00000000080002b0      0x2ec C:/ST/STM32CubeIDE_1.14.0/STM32CubeIDE/plugins/com.st.stm32cube.ide.mcu.externaltools.gnu-tools-for-stm32.11.3.rel1.win32_1.1.100.202309141235/tools/bin/../lib/gcc/arm-none-eabi/11.3.1/thumb/v8-m.main+fp/hard\libgcc.a(_udivmoddi4.o)
                0x00000000080002b0                __udivmoddi4
 .text          0x000000000800059c        0x4 C:/ST/STM32CubeIDE_1.14.0/STM32CubeIDE/plugins/com.st.stm32cube.ide.mcu.externaltools.gnu-tools-for-stm32.11.3.rel1.win32_1.1.100.202309141235/tools/bin/../lib/gcc/arm-none-eabi/11.3.1/thumb/v8-m.main+fp/hard\libgcc.a(_dvmd_tls.o)
                0x000000000800059c                __aeabi_idiv0
                0x000000000800059c                __aeabi_ldiv0
 *(.text*)
 .text.MX_FREERTOS_Init
                0x00000000080005a0       0x40 ./Core/Src/app_freertos.o
                0x00000000080005a0                MX_FREERTOS_Init
 .text.StartDefaultTask
                0x00000000080005e0       0x12 ./Core/Src/app_freertos.o
                0x00000000080005e0                StartDefaultTask
 *fill*         0x00000000080005f2        0x2 
 .text.__io_putchar
                0x00000000080005f4       0x24 ./Core/Src/main.o
                0x00000000080005f4                __io_putchar
 .text.main     0x0000000008000618       0x3a ./Core/Src/main.o
                0x0000000008000618                main
 .text.SystemClock_Config
                0x0000000008000652       0xc2 ./Core/Src/main.o
                0x0000000008000652                SystemClock_Config
 .text.SystemPower_Config
                0x0000000008000714       0x42 ./Core/Src/main.o
 *fill*         0x0000000008000756        0x2 
 .text.MX_I2C2_Init
                0x0000000008000758       0x80 ./Core/Src/main.o
 .text.MX_ICACHE_Init
                0x00000000080007d8       0x26 ./Core/Src/main.o
 *fill*         0x00000000080007fe        0x2 
 .text.MX_SPI3_Init
                0x0000000008000800       0xe0 ./Core/Src/main.o
 .text.MX_USART1_UART_Init
                0x00000000080008e0       0x98 ./Core/Src/main.o
 .text.MX_USART2_UART_Init
                0x0000000008000978       0x98 ./Core/Src/main.o
 .text.MX_USART3_UART_Init
                0x0000000008000a10       0x98 ./Core/Src/main.o
 .text.MX_GPIO_Init
                0x0000000008000aa8      0x25c ./Core/Src/main.o
 .text.HAL_TIM_PeriodElapsedCallback
                0x0000000008000d04       0x24 ./Core/Src/main.o
                0x0000000008000d04                HAL_TIM_PeriodElapsedCallback
 .text.Error_Handler
                0x0000000008000d28        0xa ./Core/Src/main.o
                0x0000000008000d28                Error_Handler
 *fill*         0x0000000008000d32        0x2 
 .text.SPI_Timer_On
                0x0000000008000d34       0x28 ./Core/Src/spi_diskio.o
                0x0000000008000d34                SPI_Timer_On
 .text.SPI_Timer_Status
                0x0000000008000d5c       0x2c ./Core/Src/spi_diskio.o
                0x0000000008000d5c                SPI_Timer_Status
 .text.get_fattime
                0x0000000008000d88       0x14 ./Core/Src/spi_diskio.o
                0x0000000008000d88                get_fattime
 .text.xchg_spi
                0x0000000008000d9c       0x2c ./Core/Src/spi_diskio.o
 .text.rcvr_spi_multi
                0x0000000008000dc8       0x38 ./Core/Src/spi_diskio.o
 .text.xmit_spi_multi
                0x0000000008000e00       0x28 ./Core/Src/spi_diskio.o
 .text.wait_ready
                0x0000000008000e28       0x46 ./Core/Src/spi_diskio.o
 *fill*         0x0000000008000e6e        0x2 
 .text.despiselect
                0x0000000008000e70       0x20 ./Core/Src/spi_diskio.o
 .text.spiselect
                0x0000000008000e90       0x38 ./Core/Src/spi_diskio.o
 .text.rcvr_datablock
                0x0000000008000ec8       0x52 ./Core/Src/spi_diskio.o
 .text.xmit_datablock
                0x0000000008000f1a       0x64 ./Core/Src/spi_diskio.o
 .text.send_cmd
                0x0000000008000f7e       0xde ./Core/Src/spi_diskio.o
 .text.disk_initialize
                0x000000000800105c      0x1d8 ./Core/Src/spi_diskio.o
                0x000000000800105c                disk_initialize
 .text.disk_status
                0x0000000008001234       0x2c ./Core/Src/spi_diskio.o
                0x0000000008001234                disk_status
 .text.disk_read
                0x0000000008001260       0xcc ./Core/Src/spi_diskio.o
                0x0000000008001260                disk_read
 .text.disk_write
                0x000000000800132c       0xf8 ./Core/Src/spi_diskio.o
                0x000000000800132c                disk_write
 .text.disk_ioctl
                0x0000000008001424      0x2e0 ./Core/Src/spi_diskio.o
                0x0000000008001424                disk_ioctl
 .text.HAL_MspInit
                0x0000000008001704       0x3c ./Core/Src/stm32u5xx_hal_msp.o
                0x0000000008001704                HAL_MspInit
 .text.HAL_I2C_MspInit
                0x0000000008001740       0xd0 ./Core/Src/stm32u5xx_hal_msp.o
                0x0000000008001740                HAL_I2C_MspInit
 .text.HAL_SPI_MspInit
                0x0000000008001810       0xd4 ./Core/Src/stm32u5xx_hal_msp.o
                0x0000000008001810                HAL_SPI_MspInit
 .text.HAL_UART_MspInit
                0x00000000080018e4      0x20c ./Core/Src/stm32u5xx_hal_msp.o
                0x00000000080018e4                HAL_UART_MspInit
 .text.HAL_InitTick
                0x0000000008001af0       0xe0 ./Core/Src/stm32u5xx_hal_timebase_tim.o
                0x0000000008001af0                HAL_InitTick
 .text.print_binary_section
                0x0000000008001bd0       0xac ./Core/Src/stm32u5xx_it.o
                0x0000000008001bd0                print_binary_section
 .text.NMI_Handler
                0x0000000008001c7c        0x6 ./Core/Src/stm32u5xx_it.o
                0x0000000008001c7c                NMI_Handler
 *fill*         0x0000000008001c82        0x2 
 .text.HardFault_Handler
                0x0000000008001c84       0xb0 ./Core/Src/stm32u5xx_it.o
                0x0000000008001c84                HardFault_Handler
 .text.MemManage_Handler
                0x0000000008001d34        0x6 ./Core/Src/stm32u5xx_it.o
                0x0000000008001d34                MemManage_Handler
 .text.BusFault_Handler
                0x0000000008001d3a        0x6 ./Core/Src/stm32u5xx_it.o
                0x0000000008001d3a                BusFault_Handler
 .text.UsageFault_Handler
                0x0000000008001d40        0x6 ./Core/Src/stm32u5xx_it.o
                0x0000000008001d40                UsageFault_Handler
 .text.DebugMon_Handler
                0x0000000008001d46        0xe ./Core/Src/stm32u5xx_it.o
                0x0000000008001d46                DebugMon_Handler
 .text.EXTI5_IRQHandler
                0x0000000008001d54        0xe ./Core/Src/stm32u5xx_it.o
                0x0000000008001d54                EXTI5_IRQHandler
 .text.EXTI13_IRQHandler
                0x0000000008001d62       0x10 ./Core/Src/stm32u5xx_it.o
                0x0000000008001d62                EXTI13_IRQHandler
 *fill*         0x0000000008001d72        0x2 
 .text.TIM1_UP_IRQHandler
                0x0000000008001d74       0x14 ./Core/Src/stm32u5xx_it.o
                0x0000000008001d74                TIM1_UP_IRQHandler
 .text._read    0x0000000008001d88       0x3a ./Core/Src/syscalls.o
                0x0000000008001d88                _read
 .text._write   0x0000000008001dc2       0x38 ./Core/Src/syscalls.o
                0x0000000008001dc2                _write
 .text._close   0x0000000008001dfa       0x18 ./Core/Src/syscalls.o
                0x0000000008001dfa                _close
 .text._fstat   0x0000000008001e12       0x20 ./Core/Src/syscalls.o
                0x0000000008001e12                _fstat
 .text._isatty  0x0000000008001e32       0x16 ./Core/Src/syscalls.o
                0x0000000008001e32                _isatty
 .text._lseek   0x0000000008001e48       0x1a ./Core/Src/syscalls.o
                0x0000000008001e48                _lseek
 *fill*         0x0000000008001e62        0x2 
 .text._sbrk    0x0000000008001e64       0x6c ./Core/Src/sysmem.o
                0x0000000008001e64                _sbrk
 .text.SystemInit
                0x0000000008001ed0       0x70 ./Core/Src/system_stm32u5xx.o
                0x0000000008001ed0                SystemInit
 .text.SD_task  0x0000000008001f40       0xe8 ./Core/Src/task_SD.o
                0x0000000008001f40                SD_task
 .text.Reset_Handler
                0x0000000008002028       0x50 ./Core/Startup/startup_stm32u575zitxq.o
                0x0000000008002028                Reset_Handler
 .text.Default_Handler
                0x0000000008002078        0x2 ./Core/Startup/startup_stm32u575zitxq.o
                0x0000000008002078                EXTI2_IRQHandler
                0x0000000008002078                TIM8_TRG_COM_IRQHandler
                0x0000000008002078                TIM8_CC_IRQHandler
                0x0000000008002078                FLASH_S_IRQHandler
                0x0000000008002078                TIM1_CC_IRQHandler
                0x0000000008002078                TSC_IRQHandler
                0x0000000008002078                TAMP_IRQHandler
                0x0000000008002078                TIM6_IRQHandler
                0x0000000008002078                EXTI12_IRQHandler
                0x0000000008002078                CORDIC_IRQHandler
                0x0000000008002078                EXTI3_IRQHandler
                0x0000000008002078                LPTIM4_IRQHandler
                0x0000000008002078                GPDMA1_Channel5_IRQHandler
                0x0000000008002078                EXTI8_IRQHandler
                0x0000000008002078                LPTIM2_IRQHandler
                0x0000000008002078                I2C3_ER_IRQHandler
                0x0000000008002078                PWR_S3WU_IRQHandler
                0x0000000008002078                MDF1_FLT2_IRQHandler
                0x0000000008002078                LPDMA1_Channel3_IRQHandler
                0x0000000008002078                LPTIM3_IRQHandler
                0x0000000008002078                EXTI0_IRQHandler
                0x0000000008002078                I2C2_EV_IRQHandler
                0x0000000008002078                FPU_IRQHandler
                0x0000000008002078                GPDMA1_Channel3_IRQHandler
                0x0000000008002078                GPDMA1_Channel7_IRQHandler
                0x0000000008002078                MDF1_FLT4_IRQHandler
                0x0000000008002078                FDCAN1_IT1_IRQHandler
                0x0000000008002078                RAMCFG_IRQHandler
                0x0000000008002078                GPDMA1_Channel9_IRQHandler
                0x0000000008002078                DCACHE1_IRQHandler
                0x0000000008002078                SPI1_IRQHandler
                0x0000000008002078                OCTOSPI1_IRQHandler
                0x0000000008002078                GPDMA1_Channel2_IRQHandler
                0x0000000008002078                TIM8_UP_IRQHandler
                0x0000000008002078                RCC_S_IRQHandler
                0x0000000008002078                OCTOSPI2_IRQHandler
                0x0000000008002078                SAI2_IRQHandler
                0x0000000008002078                MDF1_FLT1_IRQHandler
                0x0000000008002078                ADC1_IRQHandler
                0x0000000008002078                MDF1_FLT5_IRQHandler
                0x0000000008002078                EXTI15_IRQHandler
                0x0000000008002078                TIM17_IRQHandler
                0x0000000008002078                USART3_IRQHandler
                0x0000000008002078                RTC_IRQHandler
                0x0000000008002078                EXTI9_IRQHandler
                0x0000000008002078                UART5_IRQHandler
                0x0000000008002078                TIM4_IRQHandler
                0x0000000008002078                I2C1_EV_IRQHandler
                0x0000000008002078                GPDMA1_Channel12_IRQHandler
                0x0000000008002078                GPDMA1_Channel1_IRQHandler
                0x0000000008002078                TIM16_IRQHandler
                0x0000000008002078                GPDMA1_Channel15_IRQHandler
                0x0000000008002078                UART4_IRQHandler
                0x0000000008002078                SecureFault_Handler
                0x0000000008002078                TIM3_IRQHandler
                0x0000000008002078                RCC_IRQHandler
                0x0000000008002078                TIM1_TRG_COM_IRQHandler
                0x0000000008002078                Default_Handler
                0x0000000008002078                GPDMA1_Channel8_IRQHandler
                0x0000000008002078                FMAC_IRQHandler
                0x0000000008002078                GPDMA1_Channel11_IRQHandler
                0x0000000008002078                TIM7_IRQHandler
                0x0000000008002078                SDMMC1_IRQHandler
                0x0000000008002078                TIM5_IRQHandler
                0x0000000008002078                UCPD1_IRQHandler
                0x0000000008002078                GPDMA1_Channel0_IRQHandler
                0x0000000008002078                TIM15_IRQHandler
                0x0000000008002078                I2C3_EV_IRQHandler
                0x0000000008002078                LPDMA1_Channel0_IRQHandler
                0x0000000008002078                PVD_PVM_IRQHandler
                0x0000000008002078                SPI2_IRQHandler
                0x0000000008002078                LPDMA1_Channel1_IRQHandler
                0x0000000008002078                EXTI14_IRQHandler
                0x0000000008002078                EXTI11_IRQHandler
                0x0000000008002078                CRS_IRQHandler
                0x0000000008002078                GPDMA1_Channel14_IRQHandler
                0x0000000008002078                LSECSSD_IRQHandler
                0x0000000008002078                EXTI4_IRQHandler
                0x0000000008002078                RTC_S_IRQHandler
                0x0000000008002078                GPDMA1_Channel13_IRQHandler
                0x0000000008002078                RNG_IRQHandler
                0x0000000008002078                COMP_IRQHandler
                0x0000000008002078                ADC4_IRQHandler
                0x0000000008002078                WWDG_IRQHandler
                0x0000000008002078                I2C4_EV_IRQHandler
                0x0000000008002078                ADF1_IRQHandler
                0x0000000008002078                IWDG_IRQHandler
                0x0000000008002078                LPUART1_IRQHandler
                0x0000000008002078                MDF1_FLT0_IRQHandler
                0x0000000008002078                FDCAN1_IT0_IRQHandler
                0x0000000008002078                TIM2_IRQHandler
                0x0000000008002078                GPDMA1_Channel4_IRQHandler
                0x0000000008002078                EXTI7_IRQHandler
                0x0000000008002078                DMA2D_IRQHandler
                0x0000000008002078                TIM1_BRK_IRQHandler
                0x0000000008002078                EXTI1_IRQHandler
                0x0000000008002078                SDMMC2_IRQHandler
                0x0000000008002078                DAC1_IRQHandler
                0x0000000008002078                GTZC_IRQHandler
                0x0000000008002078                MDF1_FLT3_IRQHandler
                0x0000000008002078                USART2_IRQHandler
                0x0000000008002078                GPDMA1_Channel6_IRQHandler
                0x0000000008002078                I2C2_ER_IRQHandler
                0x0000000008002078                TIM8_BRK_IRQHandler
                0x0000000008002078                FLASH_IRQHandler
                0x0000000008002078                USART1_IRQHandler
                0x0000000008002078                EXTI10_IRQHandler
                0x0000000008002078                OTG_FS_IRQHandler
                0x0000000008002078                SPI3_IRQHandler
                0x0000000008002078                LPDMA1_Channel2_IRQHandler
                0x0000000008002078                I2C1_ER_IRQHandler
                0x0000000008002078                FMC_IRQHandler
                0x0000000008002078                EXTI6_IRQHandler
                0x0000000008002078                LPTIM1_IRQHandler
                0x0000000008002078                DCMI_PSSI_IRQHandler
                0x0000000008002078                I2C4_ER_IRQHandler
                0x0000000008002078                GPDMA1_Channel10_IRQHandler
                0x0000000008002078                ICACHE_IRQHandler
                0x0000000008002078                SAI1_IRQHandler
                0x0000000008002078                HASH_IRQHandler
 *fill*         0x000000000800207a        0x2 
 .text.HAL_Init
                0x000000000800207c       0x5c ./Drivers/STM32U5xx_HAL_Driver/Src/stm32u5xx_hal.o
                0x000000000800207c                HAL_Init
 .text.HAL_IncTick
                0x00000000080020d8       0x28 ./Drivers/STM32U5xx_HAL_Driver/Src/stm32u5xx_hal.o
                0x00000000080020d8                HAL_IncTick
 .text.HAL_GetTick
                0x0000000008002100       0x18 ./Drivers/STM32U5xx_HAL_Driver/Src/stm32u5xx_hal.o
                0x0000000008002100                HAL_GetTick
 .text.__NVIC_SetPriorityGrouping
                0x0000000008002118       0x48 ./Drivers/STM32U5xx_HAL_Driver/Src/stm32u5xx_hal_cortex.o
 .text.__NVIC_GetPriorityGrouping
                0x0000000008002160       0x1c ./Drivers/STM32U5xx_HAL_Driver/Src/stm32u5xx_hal_cortex.o
 .text.__NVIC_EnableIRQ
                0x000000000800217c       0x3c ./Drivers/STM32U5xx_HAL_Driver/Src/stm32u5xx_hal_cortex.o
 .text.__NVIC_SetPriority
                0x00000000080021b8       0x54 ./Drivers/STM32U5xx_HAL_Driver/Src/stm32u5xx_hal_cortex.o
 .text.NVIC_EncodePriority
                0x000000000800220c       0x66 ./Drivers/STM32U5xx_HAL_Driver/Src/stm32u5xx_hal_cortex.o
 .text.HAL_NVIC_SetPriorityGrouping
                0x0000000008002272       0x16 ./Drivers/STM32U5xx_HAL_Driver/Src/stm32u5xx_hal_cortex.o
                0x0000000008002272                HAL_NVIC_SetPriorityGrouping
 .text.HAL_NVIC_SetPriority
                0x0000000008002288       0x34 ./Drivers/STM32U5xx_HAL_Driver/Src/stm32u5xx_hal_cortex.o
                0x0000000008002288                HAL_NVIC_SetPriority
 .text.HAL_NVIC_EnableIRQ
                0x00000000080022bc       0x1c ./Drivers/STM32U5xx_HAL_Driver/Src/stm32u5xx_hal_cortex.o
                0x00000000080022bc                HAL_NVIC_EnableIRQ
 .text.HAL_GPIO_Init
                0x00000000080022d8      0x3b0 ./Drivers/STM32U5xx_HAL_Driver/Src/stm32u5xx_hal_gpio.o
                0x00000000080022d8                HAL_GPIO_Init
 .text.HAL_GPIO_WritePin
                0x0000000008002688       0x30 ./Drivers/STM32U5xx_HAL_Driver/Src/stm32u5xx_hal_gpio.o
                0x0000000008002688                HAL_GPIO_WritePin
 .text.HAL_GPIO_EXTI_IRQHandler
                0x00000000080026b8       0x4c ./Drivers/STM32U5xx_HAL_Driver/Src/stm32u5xx_hal_gpio.o
                0x00000000080026b8                HAL_GPIO_EXTI_IRQHandler
 .text.HAL_GPIO_EXTI_Rising_Callback
                0x0000000008002704       0x16 ./Drivers/STM32U5xx_HAL_Driver/Src/stm32u5xx_hal_gpio.o
                0x0000000008002704                HAL_GPIO_EXTI_Rising_Callback
 .text.HAL_GPIO_EXTI_Falling_Callback
                0x000000000800271a       0x16 ./Drivers/STM32U5xx_HAL_Driver/Src/stm32u5xx_hal_gpio.o
                0x000000000800271a                HAL_GPIO_EXTI_Falling_Callback
 .text.HAL_I2C_Init
                0x0000000008002730      0x136 ./Drivers/STM32U5xx_HAL_Driver/Src/stm32u5xx_hal_i2c.o
                0x0000000008002730                HAL_I2C_Init
 .text.HAL_I2CEx_ConfigAnalogFilter
                0x0000000008002866       0x96 ./Drivers/STM32U5xx_HAL_Driver/Src/stm32u5xx_hal_i2c_ex.o
                0x0000000008002866                HAL_I2CEx_ConfigAnalogFilter
 .text.HAL_I2CEx_ConfigDigitalFilter
                0x00000000080028fc       0x98 ./Drivers/STM32U5xx_HAL_Driver/Src/stm32u5xx_hal_i2c_ex.o
                0x00000000080028fc                HAL_I2CEx_ConfigDigitalFilter
 .text.HAL_ICACHE_ConfigAssociativityMode
                0x0000000008002994       0x40 ./Drivers/STM32U5xx_HAL_Driver/Src/stm32u5xx_hal_icache.o
                0x0000000008002994                HAL_ICACHE_ConfigAssociativityMode
 .text.HAL_ICACHE_Enable
                0x00000000080029d4       0x20 ./Drivers/STM32U5xx_HAL_Driver/Src/stm32u5xx_hal_icache.o
                0x00000000080029d4                HAL_ICACHE_Enable
 .text.HAL_PWR_ConfigPVD
                0x00000000080029f4       0xdc ./Drivers/STM32U5xx_HAL_Driver/Src/stm32u5xx_hal_pwr.o
                0x00000000080029f4                HAL_PWR_ConfigPVD
 .text.HAL_PWR_EnablePVD
                0x0000000008002ad0       0x20 ./Drivers/STM32U5xx_HAL_Driver/Src/stm32u5xx_hal_pwr.o
                0x0000000008002ad0                HAL_PWR_EnablePVD
 .text.HAL_PWREx_ControlVoltageScaling
                0x0000000008002af0       0xfc ./Drivers/STM32U5xx_HAL_Driver/Src/stm32u5xx_hal_pwr_ex.o
                0x0000000008002af0                HAL_PWREx_ControlVoltageScaling
 .text.HAL_PWREx_GetVoltageRange
                0x0000000008002bec       0x1c ./Drivers/STM32U5xx_HAL_Driver/Src/stm32u5xx_hal_pwr_ex.o
                0x0000000008002bec                HAL_PWREx_GetVoltageRange
 .text.HAL_PWREx_ConfigSupply
                0x0000000008002c08       0xa0 ./Drivers/STM32U5xx_HAL_Driver/Src/stm32u5xx_hal_pwr_ex.o
                0x0000000008002c08                HAL_PWREx_ConfigSupply
 .text.HAL_PWREx_EnableVddIO2
                0x0000000008002ca8       0x20 ./Drivers/STM32U5xx_HAL_Driver/Src/stm32u5xx_hal_pwr_ex.o
                0x0000000008002ca8                HAL_PWREx_EnableVddIO2
 .text.HAL_PWREx_DisableUCPDDeadBattery
                0x0000000008002cc8       0x20 ./Drivers/STM32U5xx_HAL_Driver/Src/stm32u5xx_hal_pwr_ex.o
                0x0000000008002cc8                HAL_PWREx_DisableUCPDDeadBattery
 .text.HAL_RCC_OscConfig
                0x0000000008002ce8      0xdb8 ./Drivers/STM32U5xx_HAL_Driver/Src/stm32u5xx_hal_rcc.o
                0x0000000008002ce8                HAL_RCC_OscConfig
 .text.HAL_RCC_ClockConfig
                0x0000000008003aa0      0x3e4 ./Drivers/STM32U5xx_HAL_Driver/Src/stm32u5xx_hal_rcc.o
                0x0000000008003aa0                HAL_RCC_ClockConfig
 .text.HAL_RCC_GetSysClockFreq
                0x0000000008003e84      0x204 ./Drivers/STM32U5xx_HAL_Driver/Src/stm32u5xx_hal_rcc.o
                0x0000000008003e84                HAL_RCC_GetSysClockFreq
 .text.HAL_RCC_GetHCLKFreq
                0x0000000008004088       0x34 ./Drivers/STM32U5xx_HAL_Driver/Src/stm32u5xx_hal_rcc.o
                0x0000000008004088                HAL_RCC_GetHCLKFreq
 .text.HAL_RCC_GetPCLK1Freq
                0x00000000080040bc       0x28 ./Drivers/STM32U5xx_HAL_Driver/Src/stm32u5xx_hal_rcc.o
                0x00000000080040bc                HAL_RCC_GetPCLK1Freq
 .text.HAL_RCC_GetPCLK2Freq
                0x00000000080040e4       0x28 ./Drivers/STM32U5xx_HAL_Driver/Src/stm32u5xx_hal_rcc.o
                0x00000000080040e4                HAL_RCC_GetPCLK2Freq
 .text.HAL_RCC_GetPCLK3Freq
                0x000000000800410c       0x28 ./Drivers/STM32U5xx_HAL_Driver/Src/stm32u5xx_hal_rcc.o
                0x000000000800410c                HAL_RCC_GetPCLK3Freq
 .text.HAL_RCC_GetClockConfig
                0x0000000008004134       0x70 ./Drivers/STM32U5xx_HAL_Driver/Src/stm32u5xx_hal_rcc.o
                0x0000000008004134                HAL_RCC_GetClockConfig
 .text.RCC_SetFlashLatencyFromMSIRange
                0x00000000080041a4      0x10c ./Drivers/STM32U5xx_HAL_Driver/Src/stm32u5xx_hal_rcc.o
 .text.HAL_RCCEx_PeriphCLKConfig
                0x00000000080042b0      0xb48 ./Drivers/STM32U5xx_HAL_Driver/Src/stm32u5xx_hal_rcc_ex.o
                0x00000000080042b0                HAL_RCCEx_PeriphCLKConfig
 .text.HAL_RCCEx_GetPLL1ClockFreq
                0x0000000008004df8      0x2b4 ./Drivers/STM32U5xx_HAL_Driver/Src/stm32u5xx_hal_rcc_ex.o
                0x0000000008004df8                HAL_RCCEx_GetPLL1ClockFreq
 .text.HAL_RCCEx_GetPLL2ClockFreq
                0x00000000080050ac      0x2b4 ./Drivers/STM32U5xx_HAL_Driver/Src/stm32u5xx_hal_rcc_ex.o
                0x00000000080050ac                HAL_RCCEx_GetPLL2ClockFreq
 .text.HAL_RCCEx_GetPLL3ClockFreq
                0x0000000008005360      0x2b4 ./Drivers/STM32U5xx_HAL_Driver/Src/stm32u5xx_hal_rcc_ex.o
                0x0000000008005360                HAL_RCCEx_GetPLL3ClockFreq
 .text.HAL_RCCEx_GetPeriphCLKFreq
                0x0000000008005614     0x136c ./Drivers/STM32U5xx_HAL_Driver/Src/stm32u5xx_hal_rcc_ex.o
                0x0000000008005614                HAL_RCCEx_GetPeriphCLKFreq
 .text.RCCEx_PLL2_Config
                0x0000000008006980      0x130 ./Drivers/STM32U5xx_HAL_Driver/Src/stm32u5xx_hal_rcc_ex.o
 .text.RCCEx_PLL3_Config
                0x0000000008006ab0      0x130 ./Drivers/STM32U5xx_HAL_Driver/Src/stm32u5xx_hal_rcc_ex.o
 .text.HAL_SPI_Init
                0x0000000008006be0      0x22c ./Drivers/STM32U5xx_HAL_Driver/Src/stm32u5xx_hal_spi.o
                0x0000000008006be0                HAL_SPI_Init
 .text.HAL_SPI_Transmit
                0x0000000008006e0c      0x43c ./Drivers/STM32U5xx_HAL_Driver/Src/stm32u5xx_hal_spi.o
                0x0000000008006e0c                HAL_SPI_Transmit
 .text.HAL_SPI_TransmitReceive
                0x0000000008007248      0x47c ./Drivers/STM32U5xx_HAL_Driver/Src/stm32u5xx_hal_spi.o
                0x0000000008007248                HAL_SPI_TransmitReceive
 .text.SPI_CloseTransfer
                0x00000000080076c4      0x140 ./Drivers/STM32U5xx_HAL_Driver/Src/stm32u5xx_hal_spi.o
 .text.SPI_WaitOnFlagUntilTimeout
                0x0000000008007804       0x5c ./Drivers/STM32U5xx_HAL_Driver/Src/stm32u5xx_hal_spi.o
 .text.SPI_GetPacketSize
                0x0000000008007860       0x36 ./Drivers/STM32U5xx_HAL_Driver/Src/stm32u5xx_hal_spi.o
 .text.HAL_SPIEx_SetConfigAutonomousMode
                0x0000000008007896       0x82 ./Drivers/STM32U5xx_HAL_Driver/Src/stm32u5xx_hal_spi_ex.o
                0x0000000008007896                HAL_SPIEx_SetConfigAutonomousMode
 .text.HAL_TIM_Base_Init
                0x0000000008007918       0xae ./Drivers/STM32U5xx_HAL_Driver/Src/stm32u5xx_hal_tim.o
                0x0000000008007918                HAL_TIM_Base_Init
 .text.HAL_TIM_Base_MspInit
                0x00000000080079c6       0x14 ./Drivers/STM32U5xx_HAL_Driver/Src/stm32u5xx_hal_tim.o
                0x00000000080079c6                HAL_TIM_Base_MspInit
 *fill*         0x00000000080079da        0x2 
 .text.HAL_TIM_Base_Start_IT
                0x00000000080079dc      0x140 ./Drivers/STM32U5xx_HAL_Driver/Src/stm32u5xx_hal_tim.o
                0x00000000080079dc                HAL_TIM_Base_Start_IT
 .text.HAL_TIM_IRQHandler
                0x0000000008007b1c      0x29e ./Drivers/STM32U5xx_HAL_Driver/Src/stm32u5xx_hal_tim.o
                0x0000000008007b1c                HAL_TIM_IRQHandler
 .text.HAL_TIM_OC_DelayElapsedCallback
                0x0000000008007dba       0x14 ./Drivers/STM32U5xx_HAL_Driver/Src/stm32u5xx_hal_tim.o
                0x0000000008007dba                HAL_TIM_OC_DelayElapsedCallback
 .text.HAL_TIM_IC_CaptureCallback
                0x0000000008007dce       0x14 ./Drivers/STM32U5xx_HAL_Driver/Src/stm32u5xx_hal_tim.o
                0x0000000008007dce                HAL_TIM_IC_CaptureCallback
 .text.HAL_TIM_PWM_PulseFinishedCallback
                0x0000000008007de2       0x14 ./Drivers/STM32U5xx_HAL_Driver/Src/stm32u5xx_hal_tim.o
                0x0000000008007de2                HAL_TIM_PWM_PulseFinishedCallback
 .text.HAL_TIM_TriggerCallback
                0x0000000008007df6       0x14 ./Drivers/STM32U5xx_HAL_Driver/Src/stm32u5xx_hal_tim.o
                0x0000000008007df6                HAL_TIM_TriggerCallback
 *fill*         0x0000000008007e0a        0x2 
 .text.TIM_Base_SetConfig
                0x0000000008007e0c      0x1f4 ./Drivers/STM32U5xx_HAL_Driver/Src/stm32u5xx_hal_tim.o
                0x0000000008007e0c                TIM_Base_SetConfig
 .text.HAL_TIMEx_CommutCallback
                0x0000000008008000       0x14 ./Drivers/STM32U5xx_HAL_Driver/Src/stm32u5xx_hal_tim_ex.o
                0x0000000008008000                HAL_TIMEx_CommutCallback
 .text.HAL_TIMEx_BreakCallback
                0x0000000008008014       0x14 ./Drivers/STM32U5xx_HAL_Driver/Src/stm32u5xx_hal_tim_ex.o
                0x0000000008008014                HAL_TIMEx_BreakCallback
 .text.HAL_TIMEx_Break2Callback
                0x0000000008008028       0x14 ./Drivers/STM32U5xx_HAL_Driver/Src/stm32u5xx_hal_tim_ex.o
                0x0000000008008028                HAL_TIMEx_Break2Callback
 .text.HAL_TIMEx_EncoderIndexCallback
                0x000000000800803c       0x14 ./Drivers/STM32U5xx_HAL_Driver/Src/stm32u5xx_hal_tim_ex.o
                0x000000000800803c                HAL_TIMEx_EncoderIndexCallback
 .text.HAL_TIMEx_DirectionChangeCallback
                0x0000000008008050       0x14 ./Drivers/STM32U5xx_HAL_Driver/Src/stm32u5xx_hal_tim_ex.o
                0x0000000008008050                HAL_TIMEx_DirectionChangeCallback
 .text.HAL_TIMEx_IndexErrorCallback
                0x0000000008008064       0x14 ./Drivers/STM32U5xx_HAL_Driver/Src/stm32u5xx_hal_tim_ex.o
                0x0000000008008064                HAL_TIMEx_IndexErrorCallback
 .text.HAL_TIMEx_TransitionErrorCallback
                0x0000000008008078       0x14 ./Drivers/STM32U5xx_HAL_Driver/Src/stm32u5xx_hal_tim_ex.o
                0x0000000008008078                HAL_TIMEx_TransitionErrorCallback
 .text.HAL_UART_Init
                0x000000000800808c       0xa0 ./Drivers/STM32U5xx_HAL_Driver/Src/stm32u5xx_hal_uart.o
                0x000000000800808c                HAL_UART_Init
 .text.HAL_UART_Transmit
                0x000000000800812c      0x13c ./Drivers/STM32U5xx_HAL_Driver/Src/stm32u5xx_hal_uart.o
                0x000000000800812c                HAL_UART_Transmit
 .text.UART_SetConfig
                0x0000000008008268      0x344 ./Drivers/STM32U5xx_HAL_Driver/Src/stm32u5xx_hal_uart.o
                0x0000000008008268                UART_SetConfig
 .text.UART_AdvFeatureConfig
                0x00000000080085ac      0x144 ./Drivers/STM32U5xx_HAL_Driver/Src/stm32u5xx_hal_uart.o
                0x00000000080085ac                UART_AdvFeatureConfig
 .text.UART_CheckIdleState
                0x00000000080086f0      0x154 ./Drivers/STM32U5xx_HAL_Driver/Src/stm32u5xx_hal_uart.o
                0x00000000080086f0                UART_CheckIdleState
 .text.UART_WaitOnFlagUntilTimeout
                0x0000000008008844       0xce ./Drivers/STM32U5xx_HAL_Driver/Src/stm32u5xx_hal_uart.o
                0x0000000008008844                UART_WaitOnFlagUntilTimeout
 .text.UART_EndRxTransfer
                0x0000000008008912       0xcc ./Drivers/STM32U5xx_HAL_Driver/Src/stm32u5xx_hal_uart.o
 .text.HAL_UARTEx_EnableFifoMode
                0x00000000080089de       0x76 ./Drivers/STM32U5xx_HAL_Driver/Src/stm32u5xx_hal_uart_ex.o
                0x00000000080089de                HAL_UARTEx_EnableFifoMode
 .text.HAL_UARTEx_DisableFifoMode
                0x0000000008008a54       0x72 ./Drivers/STM32U5xx_HAL_Driver/Src/stm32u5xx_hal_uart_ex.o
                0x0000000008008a54                HAL_UARTEx_DisableFifoMode
 .text.HAL_UARTEx_SetTxFifoThreshold
                0x0000000008008ac6       0x7c ./Drivers/STM32U5xx_HAL_Driver/Src/stm32u5xx_hal_uart_ex.o
                0x0000000008008ac6                HAL_UARTEx_SetTxFifoThreshold
 .text.HAL_UARTEx_SetRxFifoThreshold
                0x0000000008008b42       0x7c ./Drivers/STM32U5xx_HAL_Driver/Src/stm32u5xx_hal_uart_ex.o
                0x0000000008008b42                HAL_UARTEx_SetRxFifoThreshold
 *fill*         0x0000000008008bbe        0x2 
 .text.UARTEx_SetNbDataToProcess
                0x0000000008008bc0       0x9c ./Drivers/STM32U5xx_HAL_Driver/Src/stm32u5xx_hal_uart_ex.o
 .text.ld_word  0x0000000008008c5c       0x30 ./Lib/FATFS/ff.o
 .text.ld_dword
                0x0000000008008c8c       0x46 ./Lib/FATFS/ff.o
 .text.st_word  0x0000000008008cd2       0x36 ./Lib/FATFS/ff.o
 .text.st_dword
                0x0000000008008d08       0x58 ./Lib/FATFS/ff.o
 .text.dbc_1st  0x0000000008008d60       0x40 ./Lib/FATFS/ff.o
 .text.dbc_2nd  0x0000000008008da0       0x54 ./Lib/FATFS/ff.o
 .text.lock_volume
                0x0000000008008df4       0x36 ./Lib/FATFS/ff.o
 .text.unlock_volume
                0x0000000008008e2a       0x36 ./Lib/FATFS/ff.o
 .text.sync_window
                0x0000000008008e60       0x78 ./Lib/FATFS/ff.o
 .text.move_window
                0x0000000008008ed8       0x5a ./Lib/FATFS/ff.o
 .text.clst2sect
                0x0000000008008f32       0x3e ./Lib/FATFS/ff.o
 .text.get_fat  0x0000000008008f70      0x150 ./Lib/FATFS/ff.o
 .text.put_fat  0x00000000080090c0      0x1d4 ./Lib/FATFS/ff.o
 .text.create_chain
                0x0000000008009294      0x1a2 ./Lib/FATFS/ff.o
 .text.dir_clear
                0x0000000008009436       0x90 ./Lib/FATFS/ff.o
 .text.dir_sdi  0x00000000080094c6       0xf6 ./Lib/FATFS/ff.o
 .text.dir_next
                0x00000000080095bc      0x12c ./Lib/FATFS/ff.o
 .text.ld_clust
                0x00000000080096e8       0x3e ./Lib/FATFS/ff.o
 .text.dir_find
                0x0000000008009726       0xaa ./Lib/FATFS/ff.o
 .text.get_fileinfo
                0x00000000080097d0       0xce ./Lib/FATFS/ff.o
 *fill*         0x000000000800989e        0x2 
 .text.create_name
                0x00000000080098a0      0x190 ./Lib/FATFS/ff.o
 .text.follow_path
                0x0000000008009a30       0xde ./Lib/FATFS/ff.o
 .text.get_ldnumber
                0x0000000008009b0e       0x8a ./Lib/FATFS/ff.o
 .text.check_fs
                0x0000000008009b98      0x148 ./Lib/FATFS/ff.o
 .text.find_volume
                0x0000000008009ce0       0xbe ./Lib/FATFS/ff.o
 *fill*         0x0000000008009d9e        0x2 
 .text.mount_volume
                0x0000000008009da0      0x404 ./Lib/FATFS/ff.o
 .text.f_mount  0x000000000800a1a4       0xbc ./Lib/FATFS/ff.o
                0x000000000800a1a4                f_mount
 .text.f_stat   0x000000000800a260       0x80 ./Lib/FATFS/ff.o
                0x000000000800a260                f_stat
 .text.create_partition
                0x000000000800a2e0      0x248 ./Lib/FATFS/ff.o
 .text.f_mkfs   0x000000000800a528      0x878 ./Lib/FATFS/ff.o
                0x000000000800a528                f_mkfs
 .text.ff_mutex_create
                0x000000000800ada0       0x38 ./Lib/FATFS/ffsystem.o
                0x000000000800ada0                ff_mutex_create
 .text.ff_mutex_delete
                0x000000000800add8       0x24 ./Lib/FATFS/ffsystem.o
                0x000000000800add8                ff_mutex_delete
 .text.ff_mutex_take
                0x000000000800adfc       0x34 ./Lib/FATFS/ffsystem.o
                0x000000000800adfc                ff_mutex_take
 .text.ff_mutex_give
                0x000000000800ae30       0x24 ./Lib/FATFS/ffsystem.o
                0x000000000800ae30                ff_mutex_give
 .text.__NVIC_SetPriority
                0x000000000800ae54       0x54 ./Middlewares/Third_Party/FreeRTOS/Source/CMSIS_RTOS_V2/cmsis_os2.o
 .text.SysTick_Handler
                0x000000000800aea8       0x20 ./Middlewares/Third_Party/FreeRTOS/Source/CMSIS_RTOS_V2/cmsis_os2.o
                0x000000000800aea8                SysTick_Handler
 .text.SVC_Setup
                0x000000000800aec8       0x12 ./Middlewares/Third_Party/FreeRTOS/Source/CMSIS_RTOS_V2/cmsis_os2.o
 .text.IRQ_Context
                0x000000000800aeda       0x4e ./Middlewares/Third_Party/FreeRTOS/Source/CMSIS_RTOS_V2/cmsis_os2.o
 .text.osKernelInitialize
                0x000000000800af28       0x4c ./Middlewares/Third_Party/FreeRTOS/Source/CMSIS_RTOS_V2/cmsis_os2.o
                0x000000000800af28                osKernelInitialize
 .text.osKernelStart
                0x000000000800af74       0x54 ./Middlewares/Third_Party/FreeRTOS/Source/CMSIS_RTOS_V2/cmsis_os2.o
                0x000000000800af74                osKernelStart
 .text.osThreadNew
                0x000000000800afc8      0x122 ./Middlewares/Third_Party/FreeRTOS/Source/CMSIS_RTOS_V2/cmsis_os2.o
                0x000000000800afc8                osThreadNew
 .text.osDelay  0x000000000800b0ea       0x34 ./Middlewares/Third_Party/FreeRTOS/Source/CMSIS_RTOS_V2/cmsis_os2.o
                0x000000000800b0ea                osDelay
 .text.osMutexNew
                0x000000000800b11e      0x10a ./Middlewares/Third_Party/FreeRTOS/Source/CMSIS_RTOS_V2/cmsis_os2.o
                0x000000000800b11e                osMutexNew
 .text.osMutexAcquire
                0x000000000800b228       0x94 ./Middlewares/Third_Party/FreeRTOS/Source/CMSIS_RTOS_V2/cmsis_os2.o
                0x000000000800b228                osMutexAcquire
 .text.osMutexRelease
                0x000000000800b2bc       0x78 ./Middlewares/Third_Party/FreeRTOS/Source/CMSIS_RTOS_V2/cmsis_os2.o
                0x000000000800b2bc                osMutexRelease
 .text.osMutexDelete
                0x000000000800b334       0x4a ./Middlewares/Third_Party/FreeRTOS/Source/CMSIS_RTOS_V2/cmsis_os2.o
                0x000000000800b334                osMutexDelete
 *fill*         0x000000000800b37e        0x2 
 .text.vApplicationGetIdleTaskMemory
                0x000000000800b380       0x34 ./Middlewares/Third_Party/FreeRTOS/Source/CMSIS_RTOS_V2/cmsis_os2.o
                0x000000000800b380                vApplicationGetIdleTaskMemory
 .text.vApplicationGetTimerTaskMemory
                0x000000000800b3b4       0x34 ./Middlewares/Third_Party/FreeRTOS/Source/CMSIS_RTOS_V2/cmsis_os2.o
                0x000000000800b3b4                vApplicationGetTimerTaskMemory
 .text.vListInitialise
                0x000000000800b3e8       0x40 ./Middlewares/Third_Party/FreeRTOS/Source/list.o
                0x000000000800b3e8                vListInitialise
 .text.vListInitialiseItem
                0x000000000800b428       0x1a ./Middlewares/Third_Party/FreeRTOS/Source/list.o
                0x000000000800b428                vListInitialiseItem
 .text.vListInsert
                0x000000000800b442       0x72 ./Middlewares/Third_Party/FreeRTOS/Source/list.o
                0x000000000800b442                vListInsert
 .text.uxListRemove
                0x000000000800b4b4       0x54 ./Middlewares/Third_Party/FreeRTOS/Source/list.o
                0x000000000800b4b4                uxListRemove
 .text.xQueueGenericReset
                0x000000000800b508       0xee ./Middlewares/Third_Party/FreeRTOS/Source/queue.o
                0x000000000800b508                xQueueGenericReset
 .text.xQueueGenericCreateStatic
                0x000000000800b5f6       0x8c ./Middlewares/Third_Party/FreeRTOS/Source/queue.o
                0x000000000800b5f6                xQueueGenericCreateStatic
 .text.xQueueGenericCreate
                0x000000000800b682       0x94 ./Middlewares/Third_Party/FreeRTOS/Source/queue.o
                0x000000000800b682                xQueueGenericCreate
 .text.prvInitialiseNewQueue
                0x000000000800b716       0x46 ./Middlewares/Third_Party/FreeRTOS/Source/queue.o
 .text.prvInitialiseMutex
                0x000000000800b75c       0x34 ./Middlewares/Third_Party/FreeRTOS/Source/queue.o
 .text.xQueueCreateMutex
                0x000000000800b790       0x30 ./Middlewares/Third_Party/FreeRTOS/Source/queue.o
                0x000000000800b790                xQueueCreateMutex
 .text.xQueueCreateMutexStatic
                0x000000000800b7c0       0x36 ./Middlewares/Third_Party/FreeRTOS/Source/queue.o
                0x000000000800b7c0                xQueueCreateMutexStatic
 .text.xQueueGiveMutexRecursive
                0x000000000800b7f6       0x58 ./Middlewares/Third_Party/FreeRTOS/Source/queue.o
                0x000000000800b7f6                xQueueGiveMutexRecursive
 .text.xQueueTakeMutexRecursive
                0x000000000800b84e       0x5c ./Middlewares/Third_Party/FreeRTOS/Source/queue.o
                0x000000000800b84e                xQueueTakeMutexRecursive
 .text.xQueueGenericSend
                0x000000000800b8aa      0x192 ./Middlewares/Third_Party/FreeRTOS/Source/queue.o
                0x000000000800b8aa                xQueueGenericSend
 .text.xQueueReceive
                0x000000000800ba3c      0x172 ./Middlewares/Third_Party/FreeRTOS/Source/queue.o
                0x000000000800ba3c                xQueueReceive
 .text.xQueueSemaphoreTake
                0x000000000800bbae      0x1ba ./Middlewares/Third_Party/FreeRTOS/Source/queue.o
                0x000000000800bbae                xQueueSemaphoreTake
 .text.vQueueDelete
                0x000000000800bd68       0x36 ./Middlewares/Third_Party/FreeRTOS/Source/queue.o
                0x000000000800bd68                vQueueDelete
 .text.prvGetDisinheritPriorityAfterTimeout
                0x000000000800bd9e       0x30 ./Middlewares/Third_Party/FreeRTOS/Source/queue.o
 .text.prvCopyDataToQueue
                0x000000000800bdce       0xd4 ./Middlewares/Third_Party/FreeRTOS/Source/queue.o
 .text.prvCopyDataFromQueue
                0x000000000800bea2       0x4c ./Middlewares/Third_Party/FreeRTOS/Source/queue.o
 .text.prvUnlockQueue
                0x000000000800beee       0xa4 ./Middlewares/Third_Party/FreeRTOS/Source/queue.o
 .text.prvIsQueueEmpty
                0x000000000800bf92       0x2c ./Middlewares/Third_Party/FreeRTOS/Source/queue.o
 .text.prvIsQueueFull
                0x000000000800bfbe       0x30 ./Middlewares/Third_Party/FreeRTOS/Source/queue.o
 *fill*         0x000000000800bfee        0x2 
 .text.vQueueAddToRegistry
                0x000000000800bff0       0x88 ./Middlewares/Third_Party/FreeRTOS/Source/queue.o
                0x000000000800bff0                vQueueAddToRegistry
 .text.vQueueUnregisterQueue
                0x000000000800c078       0x5c ./Middlewares/Third_Party/FreeRTOS/Source/queue.o
                0x000000000800c078                vQueueUnregisterQueue
 .text.vQueueWaitForMessageRestricted
                0x000000000800c0d4       0x68 ./Middlewares/Third_Party/FreeRTOS/Source/queue.o
                0x000000000800c0d4                vQueueWaitForMessageRestricted
 .text.xTaskCreateStatic
                0x000000000800c13c       0x8a ./Middlewares/Third_Party/FreeRTOS/Source/tasks.o
                0x000000000800c13c                xTaskCreateStatic
 .text.xTaskCreate
                0x000000000800c1c6       0x8a ./Middlewares/Third_Party/FreeRTOS/Source/tasks.o
                0x000000000800c1c6                xTaskCreate
 .text.prvInitialiseNewTask
                0x000000000800c250      0x12c ./Middlewares/Third_Party/FreeRTOS/Source/tasks.o
 .text.prvAddNewTaskToReadyList
                0x000000000800c37c      0x120 ./Middlewares/Third_Party/FreeRTOS/Source/tasks.o
 .text.vTaskDelay
                0x000000000800c49c       0x48 ./Middlewares/Third_Party/FreeRTOS/Source/tasks.o
                0x000000000800c49c                vTaskDelay
 .text.vTaskStartScheduler
                0x000000000800c4e4       0xb4 ./Middlewares/Third_Party/FreeRTOS/Source/tasks.o
                0x000000000800c4e4                vTaskStartScheduler
 .text.vTaskSuspendAll
                0x000000000800c598       0x1c ./Middlewares/Third_Party/FreeRTOS/Source/tasks.o
                0x000000000800c598                vTaskSuspendAll
 .text.xTaskResumeAll
                0x000000000800c5b4      0x1d8 ./Middlewares/Third_Party/FreeRTOS/Source/tasks.o
                0x000000000800c5b4                xTaskResumeAll
 .text.xTaskGetTickCount
                0x000000000800c78c       0x20 ./Middlewares/Third_Party/FreeRTOS/Source/tasks.o
                0x000000000800c78c                xTaskGetTickCount
 .text.xTaskIncrementTick
                0x000000000800c7ac      0x220 ./Middlewares/Third_Party/FreeRTOS/Source/tasks.o
                0x000000000800c7ac                xTaskIncrementTick
 .text.vTaskSwitchContext
                0x000000000800c9cc       0xa8 ./Middlewares/Third_Party/FreeRTOS/Source/tasks.o
                0x000000000800c9cc                vTaskSwitchContext
 .text.vTaskPlaceOnEventList
                0x000000000800ca74       0x38 ./Middlewares/Third_Party/FreeRTOS/Source/tasks.o
                0x000000000800ca74                vTaskPlaceOnEventList
 .text.vTaskPlaceOnEventListRestricted
                0x000000000800caac       0x7c ./Middlewares/Third_Party/FreeRTOS/Source/tasks.o
                0x000000000800caac                vTaskPlaceOnEventListRestricted
 .text.xTaskRemoveFromEventList
                0x000000000800cb28      0x19c ./Middlewares/Third_Party/FreeRTOS/Source/tasks.o
                0x000000000800cb28                xTaskRemoveFromEventList
 .text.vTaskInternalSetTimeOutState
                0x000000000800ccc4       0x2c ./Middlewares/Third_Party/FreeRTOS/Source/tasks.o
                0x000000000800ccc4                vTaskInternalSetTimeOutState
 .text.xTaskCheckForTimeOut
                0x000000000800ccf0       0xac ./Middlewares/Third_Party/FreeRTOS/Source/tasks.o
                0x000000000800ccf0                xTaskCheckForTimeOut
 .text.vTaskMissedYield
                0x000000000800cd9c       0x18 ./Middlewares/Third_Party/FreeRTOS/Source/tasks.o
                0x000000000800cd9c                vTaskMissedYield
 .text.prvIdleTask
                0x000000000800cdb4       0x20 ./Middlewares/Third_Party/FreeRTOS/Source/tasks.o
 .text.prvInitialiseTaskLists
                0x000000000800cdd4       0x80 ./Middlewares/Third_Party/FreeRTOS/Source/tasks.o
 .text.prvCheckTasksWaitingTermination
                0x000000000800ce54       0x5c ./Middlewares/Third_Party/FreeRTOS/Source/tasks.o
 .text.prvDeleteTCB
                0x000000000800ceb0       0x4e ./Middlewares/Third_Party/FreeRTOS/Source/tasks.o
 *fill*         0x000000000800cefe        0x2 
 .text.prvResetNextTaskUnblockTime
                0x000000000800cf00       0x38 ./Middlewares/Third_Party/FreeRTOS/Source/tasks.o
 .text.xTaskGetCurrentTaskHandle
                0x000000000800cf38       0x20 ./Middlewares/Third_Party/FreeRTOS/Source/tasks.o
                0x000000000800cf38                xTaskGetCurrentTaskHandle
 .text.xTaskGetSchedulerState
                0x000000000800cf58       0x3c ./Middlewares/Third_Party/FreeRTOS/Source/tasks.o
                0x000000000800cf58                xTaskGetSchedulerState
 .text.xTaskPriorityInherit
                0x000000000800cf94      0x120 ./Middlewares/Third_Party/FreeRTOS/Source/tasks.o
                0x000000000800cf94                xTaskPriorityInherit
 .text.xTaskPriorityDisinherit
                0x000000000800d0b4      0x10c ./Middlewares/Third_Party/FreeRTOS/Source/tasks.o
                0x000000000800d0b4                xTaskPriorityDisinherit
 .text.vTaskPriorityDisinheritAfterTimeout
                0x000000000800d1c0      0x134 ./Middlewares/Third_Party/FreeRTOS/Source/tasks.o
                0x000000000800d1c0                vTaskPriorityDisinheritAfterTimeout
 .text.pvTaskIncrementMutexHeldCount
                0x000000000800d2f4       0x28 ./Middlewares/Third_Party/FreeRTOS/Source/tasks.o
                0x000000000800d2f4                pvTaskIncrementMutexHeldCount
 .text.prvAddCurrentTaskToDelayedList
                0x000000000800d31c       0xdc ./Middlewares/Third_Party/FreeRTOS/Source/tasks.o
 .text.xTimerCreateTimerTask
                0x000000000800d3f8       0x80 ./Middlewares/Third_Party/FreeRTOS/Source/timers.o
                0x000000000800d3f8                xTimerCreateTimerTask
 .text.prvReloadTimer
                0x000000000800d478       0x42 ./Middlewares/Third_Party/FreeRTOS/Source/timers.o
 *fill*         0x000000000800d4ba        0x2 
 .text.prvProcessExpiredTimer
                0x000000000800d4bc       0x60 ./Middlewares/Third_Party/FreeRTOS/Source/timers.o
 .text.prvTimerTask
                0x000000000800d51c       0x24 ./Middlewares/Third_Party/FreeRTOS/Source/timers.o
 .text.prvProcessTimerOrBlockTask
                0x000000000800d540       0x8c ./Middlewares/Third_Party/FreeRTOS/Source/timers.o
 .text.prvGetNextExpireTime
                0x000000000800d5cc       0x48 ./Middlewares/Third_Party/FreeRTOS/Source/timers.o
 .text.prvSampleTimeNow
                0x000000000800d614       0x40 ./Middlewares/Third_Party/FreeRTOS/Source/timers.o
 .text.prvInsertTimerInActiveList
                0x000000000800d654       0x84 ./Middlewares/Third_Party/FreeRTOS/Source/timers.o
 .text.prvProcessReceivedCommands
                0x000000000800d6d8      0x194 ./Middlewares/Third_Party/FreeRTOS/Source/timers.o
 .text.prvSwitchTimerLists
                0x000000000800d86c       0x4c ./Middlewares/Third_Party/FreeRTOS/Source/timers.o
 .text.prvCheckForValidListAndQueue
                0x000000000800d8b8       0x80 ./Middlewares/Third_Party/FreeRTOS/Source/timers.o
 .text.vPortSetupTimerInterrupt
                0x000000000800d938       0x48 ./Middlewares/Third_Party/FreeRTOS/Source/portable/GCC/ARM_CM33_NTZ/non_secure/port.o
                0x000000000800d938                vPortSetupTimerInterrupt
 .text.prvTaskExitError
                0x000000000800d980       0x34 ./Middlewares/Third_Party/FreeRTOS/Source/portable/GCC/ARM_CM33_NTZ/non_secure/port.o
 .text.vPortYield
                0x000000000800d9b4       0x24 ./Middlewares/Third_Party/FreeRTOS/Source/portable/GCC/ARM_CM33_NTZ/non_secure/port.o
                0x000000000800d9b4                vPortYield
 .text.vPortEnterCritical
                0x000000000800d9d8       0x24 ./Middlewares/Third_Party/FreeRTOS/Source/portable/GCC/ARM_CM33_NTZ/non_secure/port.o
                0x000000000800d9d8                vPortEnterCritical
 .text.vPortExitCritical
                0x000000000800d9fc       0x34 ./Middlewares/Third_Party/FreeRTOS/Source/portable/GCC/ARM_CM33_NTZ/non_secure/port.o
                0x000000000800d9fc                vPortExitCritical
 .text.xPortSysTickHandler
                0x000000000800da30       0x30 ./Middlewares/Third_Party/FreeRTOS/Source/portable/GCC/ARM_CM33_NTZ/non_secure/port.o
                0x000000000800da30                xPortSysTickHandler
 .text.vPortSVCHandler_C
                0x000000000800da60       0x30 ./Middlewares/Third_Party/FreeRTOS/Source/portable/GCC/ARM_CM33_NTZ/non_secure/port.o
                0x000000000800da60                vPortSVCHandler_C
 .text.pxPortInitialiseStack
                0x000000000800da90      0x114 ./Middlewares/Third_Party/FreeRTOS/Source/portable/GCC/ARM_CM33_NTZ/non_secure/port.o
                0x000000000800da90                pxPortInitialiseStack
 .text.xPortStartScheduler
                0x000000000800dba4       0x40 ./Middlewares/Third_Party/FreeRTOS/Source/portable/GCC/ARM_CM33_NTZ/non_secure/port.o
                0x000000000800dba4                xPortStartScheduler
 *fill*         0x000000000800dbe4        0xc 
 .text.vRestoreContextOfFirstTask
                0x000000000800dbf0       0x38 ./Middlewares/Third_Party/FreeRTOS/Source/portable/GCC/ARM_CM33_NTZ/non_secure/portasm.o
                0x000000000800dbf0                vRestoreContextOfFirstTask
 *fill*         0x000000000800dc28        0x8 
 .text.vStartFirstTask
                0x000000000800dc30       0x28 ./Middlewares/Third_Party/FreeRTOS/Source/portable/GCC/ARM_CM33_NTZ/non_secure/portasm.o
                0x000000000800dc30                vStartFirstTask
 .text.ulSetInterruptMask
                0x000000000800dc58       0x1a ./Middlewares/Third_Party/FreeRTOS/Source/portable/GCC/ARM_CM33_NTZ/non_secure/portasm.o
                0x000000000800dc58                ulSetInterruptMask
 .text.vClearInterruptMask
                0x000000000800dc72       0x10 ./Middlewares/Third_Party/FreeRTOS/Source/portable/GCC/ARM_CM33_NTZ/non_secure/portasm.o
                0x000000000800dc72                vClearInterruptMask
 *fill*         0x000000000800dc82        0xe 
 .text.PendSV_Handler
                0x000000000800dc90       0x58 ./Middlewares/Third_Party/FreeRTOS/Source/portable/GCC/ARM_CM33_NTZ/non_secure/portasm.o
                0x000000000800dc90                PendSV_Handler
 *fill*         0x000000000800dce8        0x8 
 .text.SVC_Handler
                0x000000000800dcf0       0x28 ./Middlewares/Third_Party/FreeRTOS/Source/portable/GCC/ARM_CM33_NTZ/non_secure/portasm.o
                0x000000000800dcf0                SVC_Handler
 .text.pvPortMalloc
                0x000000000800dd18       0xa8 ./Middlewares/Third_Party/FreeRTOS/Source/portable/MemMang/heap_1.o
                0x000000000800dd18                pvPortMalloc
 .text.vPortFree
                0x000000000800ddc0       0x1c ./Middlewares/Third_Party/FreeRTOS/Source/portable/MemMang/heap_1.o
                0x000000000800ddc0                vPortFree
 .text.sbrk_aligned
                0x000000000800dddc       0x40 C:/ST/STM32CubeIDE_1.14.0/STM32CubeIDE/plugins/com.st.stm32cube.ide.mcu.externaltools.gnu-tools-for-stm32.11.3.rel1.win32_1.1.100.202309141235/tools/bin/../lib/gcc/arm-none-eabi/11.3.1/../../../../arm-none-eabi/lib/thumb/v8-m.main+fp/hard\libc_nano.a(libc_a-mallocr.o)
 .text._malloc_r
                0x000000000800de1c      0x100 C:/ST/STM32CubeIDE_1.14.0/STM32CubeIDE/plugins/com.st.stm32cube.ide.mcu.externaltools.gnu-tools-for-stm32.11.3.rel1.win32_1.1.100.202309141235/tools/bin/../lib/gcc/arm-none-eabi/11.3.1/../../../../arm-none-eabi/lib/thumb/v8-m.main+fp/hard\libc_nano.a(libc_a-mallocr.o)
                0x000000000800de1c                _malloc_r
 .text.__malloc_lock
                0x000000000800df1c        0xc C:/ST/STM32CubeIDE_1.14.0/STM32CubeIDE/plugins/com.st.stm32cube.ide.mcu.externaltools.gnu-tools-for-stm32.11.3.rel1.win32_1.1.100.202309141235/tools/bin/../lib/gcc/arm-none-eabi/11.3.1/../../../../arm-none-eabi/lib/thumb/v8-m.main+fp/hard\libc_nano.a(libc_a-mlock.o)
                0x000000000800df1c                __malloc_lock
 .text.__malloc_unlock
                0x000000000800df28        0xc C:/ST/STM32CubeIDE_1.14.0/STM32CubeIDE/plugins/com.st.stm32cube.ide.mcu.externaltools.gnu-tools-for-stm32.11.3.rel1.win32_1.1.100.202309141235/tools/bin/../lib/gcc/arm-none-eabi/11.3.1/../../../../arm-none-eabi/lib/thumb/v8-m.main+fp/hard\libc_nano.a(libc_a-mlock.o)
                0x000000000800df28                __malloc_unlock
 .text.std      0x000000000800df34       0x6c C:/ST/STM32CubeIDE_1.14.0/STM32CubeIDE/plugins/com.st.stm32cube.ide.mcu.externaltools.gnu-tools-for-stm32.11.3.rel1.win32_1.1.100.202309141235/tools/bin/../lib/gcc/arm-none-eabi/11.3.1/../../../../arm-none-eabi/lib/thumb/v8-m.main+fp/hard\libc_nano.a(libc_a-findfp.o)
 .text.stdio_exit_handler
                0x000000000800dfa0       0x18 C:/ST/STM32CubeIDE_1.14.0/STM32CubeIDE/plugins/com.st.stm32cube.ide.mcu.externaltools.gnu-tools-for-stm32.11.3.rel1.win32_1.1.100.202309141235/tools/bin/../lib/gcc/arm-none-eabi/11.3.1/../../../../arm-none-eabi/lib/thumb/v8-m.main+fp/hard\libc_nano.a(libc_a-findfp.o)
 .text.cleanup_stdio
                0x000000000800dfb8       0x40 C:/ST/STM32CubeIDE_1.14.0/STM32CubeIDE/plugins/com.st.stm32cube.ide.mcu.externaltools.gnu-tools-for-stm32.11.3.rel1.win32_1.1.100.202309141235/tools/bin/../lib/gcc/arm-none-eabi/11.3.1/../../../../arm-none-eabi/lib/thumb/v8-m.main+fp/hard\libc_nano.a(libc_a-findfp.o)
 .text.global_stdio_init.part.0
                0x000000000800dff8       0x3c C:/ST/STM32CubeIDE_1.14.0/STM32CubeIDE/plugins/com.st.stm32cube.ide.mcu.externaltools.gnu-tools-for-stm32.11.3.rel1.win32_1.1.100.202309141235/tools/bin/../lib/gcc/arm-none-eabi/11.3.1/../../../../arm-none-eabi/lib/thumb/v8-m.main+fp/hard\libc_nano.a(libc_a-findfp.o)
 .text.__sfp_lock_acquire
                0x000000000800e034        0xc C:/ST/STM32CubeIDE_1.14.0/STM32CubeIDE/plugins/com.st.stm32cube.ide.mcu.externaltools.gnu-tools-for-stm32.11.3.rel1.win32_1.1.100.202309141235/tools/bin/../lib/gcc/arm-none-eabi/11.3.1/../../../../arm-none-eabi/lib/thumb/v8-m.main+fp/hard\libc_nano.a(libc_a-findfp.o)
                0x000000000800e034                __sfp_lock_acquire
 .text.__sfp_lock_release
                0x000000000800e040        0xc C:/ST/STM32CubeIDE_1.14.0/STM32CubeIDE/plugins/com.st.stm32cube.ide.mcu.externaltools.gnu-tools-for-stm32.11.3.rel1.win32_1.1.100.202309141235/tools/bin/../lib/gcc/arm-none-eabi/11.3.1/../../../../arm-none-eabi/lib/thumb/v8-m.main+fp/hard\libc_nano.a(libc_a-findfp.o)
                0x000000000800e040                __sfp_lock_release
 .text.__sinit  0x000000000800e04c       0x30 C:/ST/STM32CubeIDE_1.14.0/STM32CubeIDE/plugins/com.st.stm32cube.ide.mcu.externaltools.gnu-tools-for-stm32.11.3.rel1.win32_1.1.100.202309141235/tools/bin/../lib/gcc/arm-none-eabi/11.3.1/../../../../arm-none-eabi/lib/thumb/v8-m.main+fp/hard\libc_nano.a(libc_a-findfp.o)
                0x000000000800e04c                __sinit
 .text._fwalk_sglue
                0x000000000800e07c       0x3c C:/ST/STM32CubeIDE_1.14.0/STM32CubeIDE/plugins/com.st.stm32cube.ide.mcu.externaltools.gnu-tools-for-stm32.11.3.rel1.win32_1.1.100.202309141235/tools/bin/../lib/gcc/arm-none-eabi/11.3.1/../../../../arm-none-eabi/lib/thumb/v8-m.main+fp/hard\libc_nano.a(libc_a-fwalk.o)
                0x000000000800e07c                _fwalk_sglue
 .text.printf   0x000000000800e0b8       0x24 C:/ST/STM32CubeIDE_1.14.0/STM32CubeIDE/plugins/com.st.stm32cube.ide.mcu.externaltools.gnu-tools-for-stm32.11.3.rel1.win32_1.1.100.202309141235/tools/bin/../lib/gcc/arm-none-eabi/11.3.1/../../../../arm-none-eabi/lib/thumb/v8-m.main+fp/hard\libc_nano.a(libc_a-printf.o)
                0x000000000800e0b8                iprintf
                0x000000000800e0b8                printf
 .text.putchar  0x000000000800e0dc       0x10 C:/ST/STM32CubeIDE_1.14.0/STM32CubeIDE/plugins/com.st.stm32cube.ide.mcu.externaltools.gnu-tools-for-stm32.11.3.rel1.win32_1.1.100.202309141235/tools/bin/../lib/gcc/arm-none-eabi/11.3.1/../../../../arm-none-eabi/lib/thumb/v8-m.main+fp/hard\libc_nano.a(libc_a-putchar.o)
                0x000000000800e0dc                putchar
 .text._puts_r  0x000000000800e0ec       0xa8 C:/ST/STM32CubeIDE_1.14.0/STM32CubeIDE/plugins/com.st.stm32cube.ide.mcu.externaltools.gnu-tools-for-stm32.11.3.rel1.win32_1.1.100.202309141235/tools/bin/../lib/gcc/arm-none-eabi/11.3.1/../../../../arm-none-eabi/lib/thumb/v8-m.main+fp/hard\libc_nano.a(libc_a-puts.o)
                0x000000000800e0ec                _puts_r
 .text.puts     0x000000000800e194       0x10 C:/ST/STM32CubeIDE_1.14.0/STM32CubeIDE/plugins/com.st.stm32cube.ide.mcu.externaltools.gnu-tools-for-stm32.11.3.rel1.win32_1.1.100.202309141235/tools/bin/../lib/gcc/arm-none-eabi/11.3.1/../../../../arm-none-eabi/lib/thumb/v8-m.main+fp/hard\libc_nano.a(libc_a-puts.o)
                0x000000000800e194                puts
 .text.__sread  0x000000000800e1a4       0x22 C:/ST/STM32CubeIDE_1.14.0/STM32CubeIDE/plugins/com.st.stm32cube.ide.mcu.externaltools.gnu-tools-for-stm32.11.3.rel1.win32_1.1.100.202309141235/tools/bin/../lib/gcc/arm-none-eabi/11.3.1/../../../../arm-none-eabi/lib/thumb/v8-m.main+fp/hard\libc_nano.a(libc_a-stdio.o)
                0x000000000800e1a4                __sread
 .text.__swrite
                0x000000000800e1c6       0x38 C:/ST/STM32CubeIDE_1.14.0/STM32CubeIDE/plugins/com.st.stm32cube.ide.mcu.externaltools.gnu-tools-for-stm32.11.3.rel1.win32_1.1.100.202309141235/tools/bin/../lib/gcc/arm-none-eabi/11.3.1/../../../../arm-none-eabi/lib/thumb/v8-m.main+fp/hard\libc_nano.a(libc_a-stdio.o)
                0x000000000800e1c6                __swrite
 .text.__sseek  0x000000000800e1fe       0x24 C:/ST/STM32CubeIDE_1.14.0/STM32CubeIDE/plugins/com.st.stm32cube.ide.mcu.externaltools.gnu-tools-for-stm32.11.3.rel1.win32_1.1.100.202309141235/tools/bin/../lib/gcc/arm-none-eabi/11.3.1/../../../../arm-none-eabi/lib/thumb/v8-m.main+fp/hard\libc_nano.a(libc_a-stdio.o)
                0x000000000800e1fe                __sseek
 .text.__sclose
                0x000000000800e222        0x8 C:/ST/STM32CubeIDE_1.14.0/STM32CubeIDE/plugins/com.st.stm32cube.ide.mcu.externaltools.gnu-tools-for-stm32.11.3.rel1.win32_1.1.100.202309141235/tools/bin/../lib/gcc/arm-none-eabi/11.3.1/../../../../arm-none-eabi/lib/thumb/v8-m.main+fp/hard\libc_nano.a(libc_a-stdio.o)
                0x000000000800e222                __sclose
 .text.__swbuf_r
                0x000000000800e22a       0x7a C:/ST/STM32CubeIDE_1.14.0/STM32CubeIDE/plugins/com.st.stm32cube.ide.mcu.externaltools.gnu-tools-for-stm32.11.3.rel1.win32_1.1.100.202309141235/tools/bin/../lib/gcc/arm-none-eabi/11.3.1/../../../../arm-none-eabi/lib/thumb/v8-m.main+fp/hard\libc_nano.a(libc_a-wbuf.o)
                0x000000000800e22a                __swbuf_r
 .text.__swsetup_r
                0x000000000800e2a4       0xb0 C:/ST/STM32CubeIDE_1.14.0/STM32CubeIDE/plugins/com.st.stm32cube.ide.mcu.externaltools.gnu-tools-for-stm32.11.3.rel1.win32_1.1.100.202309141235/tools/bin/../lib/gcc/arm-none-eabi/11.3.1/../../../../arm-none-eabi/lib/thumb/v8-m.main+fp/hard\libc_nano.a(libc_a-wsetup.o)
                0x000000000800e2a4                __swsetup_r
 .text.memcmp   0x000000000800e354       0x20 C:/ST/STM32CubeIDE_1.14.0/STM32CubeIDE/plugins/com.st.stm32cube.ide.mcu.externaltools.gnu-tools-for-stm32.11.3.rel1.win32_1.1.100.202309141235/tools/bin/../lib/gcc/arm-none-eabi/11.3.1/../../../../arm-none-eabi/lib/thumb/v8-m.main+fp/hard\libc_nano.a(libc_a-memcmp.o)
                0x000000000800e354                memcmp
 .text.memset   0x000000000800e374       0x10 C:/ST/STM32CubeIDE_1.14.0/STM32CubeIDE/plugins/com.st.stm32cube.ide.mcu.externaltools.gnu-tools-for-stm32.11.3.rel1.win32_1.1.100.202309141235/tools/bin/../lib/gcc/arm-none-eabi/11.3.1/../../../../arm-none-eabi/lib/thumb/v8-m.main+fp/hard\libc_nano.a(libc_a-memset.o)
                0x000000000800e374                memset
 .text.strchr   0x000000000800e384       0x1a C:/ST/STM32CubeIDE_1.14.0/STM32CubeIDE/plugins/com.st.stm32cube.ide.mcu.externaltools.gnu-tools-for-stm32.11.3.rel1.win32_1.1.100.202309141235/tools/bin/../lib/gcc/arm-none-eabi/11.3.1/../../../../arm-none-eabi/lib/thumb/v8-m.main+fp/hard\libc_nano.a(libc_a-strchr.o)
                0x000000000800e384                strchr
 *fill*         0x000000000800e39e        0x2 
 .text._close_r
                0x000000000800e3a0       0x20 C:/ST/STM32CubeIDE_1.14.0/STM32CubeIDE/plugins/com.st.stm32cube.ide.mcu.externaltools.gnu-tools-for-stm32.11.3.rel1.win32_1.1.100.202309141235/tools/bin/../lib/gcc/arm-none-eabi/11.3.1/../../../../arm-none-eabi/lib/thumb/v8-m.main+fp/hard\libc_nano.a(libc_a-closer.o)
                0x000000000800e3a0                _close_r
 .text._lseek_r
                0x000000000800e3c0       0x24 C:/ST/STM32CubeIDE_1.14.0/STM32CubeIDE/plugins/com.st.stm32cube.ide.mcu.externaltools.gnu-tools-for-stm32.11.3.rel1.win32_1.1.100.202309141235/tools/bin/../lib/gcc/arm-none-eabi/11.3.1/../../../../arm-none-eabi/lib/thumb/v8-m.main+fp/hard\libc_nano.a(libc_a-lseekr.o)
                0x000000000800e3c0                _lseek_r
 .text._read_r  0x000000000800e3e4       0x24 C:/ST/STM32CubeIDE_1.14.0/STM32CubeIDE/plugins/com.st.stm32cube.ide.mcu.externaltools.gnu-tools-for-stm32.11.3.rel1.win32_1.1.100.202309141235/tools/bin/../lib/gcc/arm-none-eabi/11.3.1/../../../../arm-none-eabi/lib/thumb/v8-m.main+fp/hard\libc_nano.a(libc_a-readr.o)
                0x000000000800e3e4                _read_r
 .text._sbrk_r  0x000000000800e408       0x20 C:/ST/STM32CubeIDE_1.14.0/STM32CubeIDE/plugins/com.st.stm32cube.ide.mcu.externaltools.gnu-tools-for-stm32.11.3.rel1.win32_1.1.100.202309141235/tools/bin/../lib/gcc/arm-none-eabi/11.3.1/../../../../arm-none-eabi/lib/thumb/v8-m.main+fp/hard\libc_nano.a(libc_a-sbrkr.o)
                0x000000000800e408                _sbrk_r
 .text._write_r
                0x000000000800e428       0x24 C:/ST/STM32CubeIDE_1.14.0/STM32CubeIDE/plugins/com.st.stm32cube.ide.mcu.externaltools.gnu-tools-for-stm32.11.3.rel1.win32_1.1.100.202309141235/tools/bin/../lib/gcc/arm-none-eabi/11.3.1/../../../../arm-none-eabi/lib/thumb/v8-m.main+fp/hard\libc_nano.a(libc_a-writer.o)
                0x000000000800e428                _write_r
 .text.__errno  0x000000000800e44c        0xc C:/ST/STM32CubeIDE_1.14.0/STM32CubeIDE/plugins/com.st.stm32cube.ide.mcu.externaltools.gnu-tools-for-stm32.11.3.rel1.win32_1.1.100.202309141235/tools/bin/../lib/gcc/arm-none-eabi/11.3.1/../../../../arm-none-eabi/lib/thumb/v8-m.main+fp/hard\libc_nano.a(libc_a-errno.o)
                0x000000000800e44c                __errno
 .text.__libc_init_array
                0x000000000800e458       0x48 C:/ST/STM32CubeIDE_1.14.0/STM32CubeIDE/plugins/com.st.stm32cube.ide.mcu.externaltools.gnu-tools-for-stm32.11.3.rel1.win32_1.1.100.202309141235/tools/bin/../lib/gcc/arm-none-eabi/11.3.1/../../../../arm-none-eabi/lib/thumb/v8-m.main+fp/hard\libc_nano.a(libc_a-init.o)
                0x000000000800e458                __libc_init_array
 .text.__retarget_lock_init_recursive
                0x000000000800e4a0        0x2 C:/ST/STM32CubeIDE_1.14.0/STM32CubeIDE/plugins/com.st.stm32cube.ide.mcu.externaltools.gnu-tools-for-stm32.11.3.rel1.win32_1.1.100.202309141235/tools/bin/../lib/gcc/arm-none-eabi/11.3.1/../../../../arm-none-eabi/lib/thumb/v8-m.main+fp/hard\libc_nano.a(libc_a-lock.o)
                0x000000000800e4a0                __retarget_lock_init_recursive
 .text.__retarget_lock_acquire_recursive
                0x000000000800e4a2        0x2 C:/ST/STM32CubeIDE_1.14.0/STM32CubeIDE/plugins/com.st.stm32cube.ide.mcu.externaltools.gnu-tools-for-stm32.11.3.rel1.win32_1.1.100.202309141235/tools/bin/../lib/gcc/arm-none-eabi/11.3.1/../../../../arm-none-eabi/lib/thumb/v8-m.main+fp/hard\libc_nano.a(libc_a-lock.o)
                0x000000000800e4a2                __retarget_lock_acquire_recursive
 .text.__retarget_lock_release_recursive
                0x000000000800e4a4        0x2 C:/ST/STM32CubeIDE_1.14.0/STM32CubeIDE/plugins/com.st.stm32cube.ide.mcu.externaltools.gnu-tools-for-stm32.11.3.rel1.win32_1.1.100.202309141235/tools/bin/../lib/gcc/arm-none-eabi/11.3.1/../../../../arm-none-eabi/lib/thumb/v8-m.main+fp/hard\libc_nano.a(libc_a-lock.o)
                0x000000000800e4a4                __retarget_lock_release_recursive
 .text.memcpy   0x000000000800e4a6       0x1a C:/ST/STM32CubeIDE_1.14.0/STM32CubeIDE/plugins/com.st.stm32cube.ide.mcu.externaltools.gnu-tools-for-stm32.11.3.rel1.win32_1.1.100.202309141235/tools/bin/../lib/gcc/arm-none-eabi/11.3.1/../../../../arm-none-eabi/lib/thumb/v8-m.main+fp/hard\libc_nano.a(libc_a-memcpy-stub.o)
                0x000000000800e4a6                memcpy
 .text._free_r  0x000000000800e4c0       0x98 C:/ST/STM32CubeIDE_1.14.0/STM32CubeIDE/plugins/com.st.stm32cube.ide.mcu.externaltools.gnu-tools-for-stm32.11.3.rel1.win32_1.1.100.202309141235/tools/bin/../lib/gcc/arm-none-eabi/11.3.1/../../../../arm-none-eabi/lib/thumb/v8-m.main+fp/hard\libc_nano.a(libc_a-freer.o)
                0x000000000800e4c0                _free_r
 .text.__sfputc_r
                0x000000000800e558       0x2e C:/ST/STM32CubeIDE_1.14.0/STM32CubeIDE/plugins/com.st.stm32cube.ide.mcu.externaltools.gnu-tools-for-stm32.11.3.rel1.win32_1.1.100.202309141235/tools/bin/../lib/gcc/arm-none-eabi/11.3.1/../../../../arm-none-eabi/lib/thumb/v8-m.main+fp/hard\libc_nano.a(libc_a-nano-vfprintf.o)
 .text.__sfputs_r
                0x000000000800e586       0x24 C:/ST/STM32CubeIDE_1.14.0/STM32CubeIDE/plugins/com.st.stm32cube.ide.mcu.externaltools.gnu-tools-for-stm32.11.3.rel1.win32_1.1.100.202309141235/tools/bin/../lib/gcc/arm-none-eabi/11.3.1/../../../../arm-none-eabi/lib/thumb/v8-m.main+fp/hard\libc_nano.a(libc_a-nano-vfprintf.o)
                0x000000000800e586                __sfputs_r
 *fill*         0x000000000800e5aa        0x2 
 .text._vfprintf_r
                0x000000000800e5ac      0x234 C:/ST/STM32CubeIDE_1.14.0/STM32CubeIDE/plugins/com.st.stm32cube.ide.mcu.externaltools.gnu-tools-for-stm32.11.3.rel1.win32_1.1.100.202309141235/tools/bin/../lib/gcc/arm-none-eabi/11.3.1/../../../../arm-none-eabi/lib/thumb/v8-m.main+fp/hard\libc_nano.a(libc_a-nano-vfprintf.o)
                0x000000000800e5ac                _vfprintf_r
                0x000000000800e5ac                _vfiprintf_r
 .text._printf_common
                0x000000000800e7e0       0xe4 C:/ST/STM32CubeIDE_1.14.0/STM32CubeIDE/plugins/com.st.stm32cube.ide.mcu.externaltools.gnu-tools-for-stm32.11.3.rel1.win32_1.1.100.202309141235/tools/bin/../lib/gcc/arm-none-eabi/11.3.1/../../../../arm-none-eabi/lib/thumb/v8-m.main+fp/hard\libc_nano.a(libc_a-nano-vfprintf_i.o)
                0x000000000800e7e0                _printf_common
 .text._printf_i
                0x000000000800e8c4      0x240 C:/ST/STM32CubeIDE_1.14.0/STM32CubeIDE/plugins/com.st.stm32cube.ide.mcu.externaltools.gnu-tools-for-stm32.11.3.rel1.win32_1.1.100.202309141235/tools/bin/../lib/gcc/arm-none-eabi/11.3.1/../../../../arm-none-eabi/lib/thumb/v8-m.main+fp/hard\libc_nano.a(libc_a-nano-vfprintf_i.o)
                0x000000000800e8c4                _printf_i
 .text.__sflush_r
                0x000000000800eb04      0x108 C:/ST/STM32CubeIDE_1.14.0/STM32CubeIDE/plugins/com.st.stm32cube.ide.mcu.externaltools.gnu-tools-for-stm32.11.3.rel1.win32_1.1.100.202309141235/tools/bin/../lib/gcc/arm-none-eabi/11.3.1/../../../../arm-none-eabi/lib/thumb/v8-m.main+fp/hard\libc_nano.a(libc_a-fflush.o)
                0x000000000800eb04                __sflush_r
 .text._fflush_r
                0x000000000800ec0c       0x50 C:/ST/STM32CubeIDE_1.14.0/STM32CubeIDE/plugins/com.st.stm32cube.ide.mcu.externaltools.gnu-tools-for-stm32.11.3.rel1.win32_1.1.100.202309141235/tools/bin/../lib/gcc/arm-none-eabi/11.3.1/../../../../arm-none-eabi/lib/thumb/v8-m.main+fp/hard\libc_nano.a(libc_a-fflush.o)
                0x000000000800ec0c                _fflush_r
 .text.__swhatbuf_r
                0x000000000800ec5c       0x4a C:/ST/STM32CubeIDE_1.14.0/STM32CubeIDE/plugins/com.st.stm32cube.ide.mcu.externaltools.gnu-tools-for-stm32.11.3.rel1.win32_1.1.100.202309141235/tools/bin/../lib/gcc/arm-none-eabi/11.3.1/../../../../arm-none-eabi/lib/thumb/v8-m.main+fp/hard\libc_nano.a(libc_a-makebuf.o)
                0x000000000800ec5c                __swhatbuf_r
 .text.__smakebuf_r
                0x000000000800eca6       0x78 C:/ST/STM32CubeIDE_1.14.0/STM32CubeIDE/plugins/com.st.stm32cube.ide.mcu.externaltools.gnu-tools-for-stm32.11.3.rel1.win32_1.1.100.202309141235/tools/bin/../lib/gcc/arm-none-eabi/11.3.1/../../../../arm-none-eabi/lib/thumb/v8-m.main+fp/hard\libc_nano.a(libc_a-makebuf.o)
                0x000000000800eca6                __smakebuf_r
 .text._putc_r  0x000000000800ed1e       0x68 C:/ST/STM32CubeIDE_1.14.0/STM32CubeIDE/plugins/com.st.stm32cube.ide.mcu.externaltools.gnu-tools-for-stm32.11.3.rel1.win32_1.1.100.202309141235/tools/bin/../lib/gcc/arm-none-eabi/11.3.1/../../../../arm-none-eabi/lib/thumb/v8-m.main+fp/hard\libc_nano.a(libc_a-putc.o)
                0x000000000800ed1e                _putc_r
 *fill*         0x000000000800ed86        0x2 
 .text._fstat_r
                0x000000000800ed88       0x24 C:/ST/STM32CubeIDE_1.14.0/STM32CubeIDE/plugins/com.st.stm32cube.ide.mcu.externaltools.gnu-tools-for-stm32.11.3.rel1.win32_1.1.100.202309141235/tools/bin/../lib/gcc/arm-none-eabi/11.3.1/../../../../arm-none-eabi/lib/thumb/v8-m.main+fp/hard\libc_nano.a(libc_a-fstatr.o)
                0x000000000800ed88                _fstat_r
 .text._isatty_r
                0x000000000800edac       0x20 C:/ST/STM32CubeIDE_1.14.0/STM32CubeIDE/plugins/com.st.stm32cube.ide.mcu.externaltools.gnu-tools-for-stm32.11.3.rel1.win32_1.1.100.202309141235/tools/bin/../lib/gcc/arm-none-eabi/11.3.1/../../../../arm-none-eabi/lib/thumb/v8-m.main+fp/hard\libc_nano.a(libc_a-isattyr.o)
                0x000000000800edac                _isatty_r
 .text.memchr   0x000000000800edcc       0x1c C:/ST/STM32CubeIDE_1.14.0/STM32CubeIDE/plugins/com.st.stm32cube.ide.mcu.externaltools.gnu-tools-for-stm32.11.3.rel1.win32_1.1.100.202309141235/tools/bin/../lib/gcc/arm-none-eabi/11.3.1/../../../../arm-none-eabi/lib/thumb/v8-m.main+fp/hard\libc_nano.a(libc_a-memchr-stub.o)
                0x000000000800edcc                memchr
 *(.glue_7)
 .glue_7        0x000000000800ede8        0x0 linker stubs
 *(.glue_7t)
 .glue_7t       0x000000000800ede8        0x0 linker stubs
 *(.eh_frame)
 .eh_frame      0x000000000800ede8        0x0 C:/ST/STM32CubeIDE_1.14.0/STM32CubeIDE/plugins/com.st.stm32cube.ide.mcu.externaltools.gnu-tools-for-stm32.11.3.rel1.win32_1.1.100.202309141235/tools/bin/../lib/gcc/arm-none-eabi/11.3.1/thumb/v8-m.main+fp/hard/crtbegin.o
 *(.init)
 .init          0x000000000800ede8        0x4 C:/ST/STM32CubeIDE_1.14.0/STM32CubeIDE/plugins/com.st.stm32cube.ide.mcu.externaltools.gnu-tools-for-stm32.11.3.rel1.win32_1.1.100.202309141235/tools/bin/../lib/gcc/arm-none-eabi/11.3.1/thumb/v8-m.main+fp/hard/crti.o
                0x000000000800ede8                _init
 .init          0x000000000800edec        0x8 C:/ST/STM32CubeIDE_1.14.0/STM32CubeIDE/plugins/com.st.stm32cube.ide.mcu.externaltools.gnu-tools-for-stm32.11.3.rel1.win32_1.1.100.202309141235/tools/bin/../lib/gcc/arm-none-eabi/11.3.1/thumb/v8-m.main+fp/hard/crtn.o
 *(.fini)
 .fini          0x000000000800edf4        0x4 C:/ST/STM32CubeIDE_1.14.0/STM32CubeIDE/plugins/com.st.stm32cube.ide.mcu.externaltools.gnu-tools-for-stm32.11.3.rel1.win32_1.1.100.202309141235/tools/bin/../lib/gcc/arm-none-eabi/11.3.1/thumb/v8-m.main+fp/hard/crti.o
                0x000000000800edf4                _fini
 .fini          0x000000000800edf8        0x8 C:/ST/STM32CubeIDE_1.14.0/STM32CubeIDE/plugins/com.st.stm32cube.ide.mcu.externaltools.gnu-tools-for-stm32.11.3.rel1.win32_1.1.100.202309141235/tools/bin/../lib/gcc/arm-none-eabi/11.3.1/thumb/v8-m.main+fp/hard/crtn.o
                0x000000000800ee00                _etext = .

.vfp11_veneer   0x000000000800ee00        0x0
 .vfp11_veneer  0x000000000800ee00        0x0 linker stubs

.v4_bx          0x000000000800ee00        0x0
 .v4_bx         0x000000000800ee00        0x0 linker stubs

.iplt           0x000000000800ee00        0x0
 .iplt          0x000000000800ee00        0x0 C:/ST/STM32CubeIDE_1.14.0/STM32CubeIDE/plugins/com.st.stm32cube.ide.mcu.externaltools.gnu-tools-for-stm32.11.3.rel1.win32_1.1.100.202309141235/tools/bin/../lib/gcc/arm-none-eabi/11.3.1/thumb/v8-m.main+fp/hard/crtbegin.o

.rodata         0x000000000800ee00      0x309
 *(.rodata)
 .rodata        0x000000000800ee00       0x2c ./Core/Src/app_freertos.o
 .rodata        0x000000000800ee2c       0x46 ./Core/Src/stm32u5xx_it.o
 *fill*         0x000000000800ee72        0x2 
 .rodata        0x000000000800ee74       0x84 ./Core/Src/task_SD.o
 .rodata        0x000000000800eef8       0x50 ./Lib/FATFS/ff.o
 .rodata        0x000000000800ef48        0x5 ./Middlewares/Third_Party/FreeRTOS/Source/tasks.o
 *fill*         0x000000000800ef4d        0x3 
 .rodata        0x000000000800ef50        0xd ./Middlewares/Third_Party/FreeRTOS/Source/timers.o
 *(.rodata*)
 *fill*         0x000000000800ef5d        0x3 
 .rodata.SD_TaskAttributes
                0x000000000800ef60       0x24 ./Core/Src/app_freertos.o
                0x000000000800ef60                SD_TaskAttributes
 .rodata.defaultTask_attributes
                0x000000000800ef84       0x24 ./Core/Src/app_freertos.o
                0x000000000800ef84                defaultTask_attributes
 .rodata.AHBPrescTable
                0x000000000800efa8       0x10 ./Core/Src/system_stm32u5xx.o
                0x000000000800efa8                AHBPrescTable
 .rodata.APBPrescTable
                0x000000000800efb8        0x8 ./Core/Src/system_stm32u5xx.o
                0x000000000800efb8                APBPrescTable
 .rodata.MSIRangeTable
                0x000000000800efc0       0x40 ./Core/Src/system_stm32u5xx.o
                0x000000000800efc0                MSIRangeTable
 .rodata.LPGPIO_Map
                0x000000000800f000       0x80 ./Drivers/STM32U5xx_HAL_Driver/Src/stm32u5xx_hal_gpio.o
 .rodata.UARTPrescTable
                0x000000000800f080       0x18 ./Drivers/STM32U5xx_HAL_Driver/Src/stm32u5xx_hal_uart.o
                0x000000000800f080                UARTPrescTable
 .rodata.numerator.1
                0x000000000800f098        0x8 ./Drivers/STM32U5xx_HAL_Driver/Src/stm32u5xx_hal_uart_ex.o
 .rodata.denominator.0
                0x000000000800f0a0        0x8 ./Drivers/STM32U5xx_HAL_Driver/Src/stm32u5xx_hal_uart_ex.o
 .rodata.defopt.2
                0x000000000800f0a8       0x10 ./Lib/FATFS/ff.o
 .rodata.cst32.1
                0x000000000800f0b8        0xe ./Lib/FATFS/ff.o
 *fill*         0x000000000800f0c6        0x2 
 .rodata.cst.0  0x000000000800f0c8        0xe ./Lib/FATFS/ff.o
 .rodata._vfprintf_r.str1.1
                0x000000000800f0d6       0x11 C:/ST/STM32CubeIDE_1.14.0/STM32CubeIDE/plugins/com.st.stm32cube.ide.mcu.externaltools.gnu-tools-for-stm32.11.3.rel1.win32_1.1.100.202309141235/tools/bin/../lib/gcc/arm-none-eabi/11.3.1/../../../../arm-none-eabi/lib/thumb/v8-m.main+fp/hard\libc_nano.a(libc_a-nano-vfprintf.o)
 .rodata._printf_i.str1.1
                0x000000000800f0e7       0x22 C:/ST/STM32CubeIDE_1.14.0/STM32CubeIDE/plugins/com.st.stm32cube.ide.mcu.externaltools.gnu-tools-for-stm32.11.3.rel1.win32_1.1.100.202309141235/tools/bin/../lib/gcc/arm-none-eabi/11.3.1/../../../../arm-none-eabi/lib/thumb/v8-m.main+fp/hard\libc_nano.a(libc_a-nano-vfprintf_i.o)

.ARM.extab
 *(.ARM.extab* .gnu.linkonce.armextab.*)

.ARM            0x000000000800f10c        0x8
                0x000000000800f10c                __exidx_start = .
 *(.ARM.exidx*)
 .ARM.exidx     0x000000000800f10c        0x8 C:/ST/STM32CubeIDE_1.14.0/STM32CubeIDE/plugins/com.st.stm32cube.ide.mcu.externaltools.gnu-tools-for-stm32.11.3.rel1.win32_1.1.100.202309141235/tools/bin/../lib/gcc/arm-none-eabi/11.3.1/thumb/v8-m.main+fp/hard\libgcc.a(_udivmoddi4.o)
                0x000000000800f114                __exidx_end = .

.rel.dyn        0x000000000800f114        0x0
 .rel.iplt      0x000000000800f114        0x0 C:/ST/STM32CubeIDE_1.14.0/STM32CubeIDE/plugins/com.st.stm32cube.ide.mcu.externaltools.gnu-tools-for-stm32.11.3.rel1.win32_1.1.100.202309141235/tools/bin/../lib/gcc/arm-none-eabi/11.3.1/thumb/v8-m.main+fp/hard/crtbegin.o

.preinit_array  0x000000000800f114        0x0
                0x000000000800f114                PROVIDE (__preinit_array_start = .)
 *(.preinit_array*)
                0x000000000800f114                PROVIDE (__preinit_array_end = .)

.init_array     0x000000000800f114        0x4
                0x000000000800f114                PROVIDE (__init_array_start = .)
 *(SORT_BY_NAME(.init_array.*))
 *(.init_array*)
 .init_array    0x000000000800f114        0x4 C:/ST/STM32CubeIDE_1.14.0/STM32CubeIDE/plugins/com.st.stm32cube.ide.mcu.externaltools.gnu-tools-for-stm32.11.3.rel1.win32_1.1.100.202309141235/tools/bin/../lib/gcc/arm-none-eabi/11.3.1/thumb/v8-m.main+fp/hard/crtbegin.o
                0x000000000800f118                PROVIDE (__init_array_end = .)

.fini_array     0x000000000800f118        0x4
                [!provide]                        PROVIDE (__fini_array_start = .)
 *(SORT_BY_NAME(.fini_array.*))
 *(.fini_array*)
 .fini_array    0x000000000800f118        0x4 C:/ST/STM32CubeIDE_1.14.0/STM32CubeIDE/plugins/com.st.stm32cube.ide.mcu.externaltools.gnu-tools-for-stm32.11.3.rel1.win32_1.1.100.202309141235/tools/bin/../lib/gcc/arm-none-eabi/11.3.1/thumb/v8-m.main+fp/hard/crtbegin.o
                [!provide]                        PROVIDE (__fini_array_end = .)
                0x000000000800f11c                _sidata = LOADADDR (.data)

.data           0x0000000020000000       0x74 load address 0x000000000800f11c
                0x0000000020000000                _sdata = .
 *(.data)
 *(.data*)
 .data.Stat     0x0000000020000000        0x1 ./Core/Src/spi_diskio.o
 *fill*         0x0000000020000001        0x3 
 .data.SystemCoreClock
                0x0000000020000004        0x4 ./Core/Src/system_stm32u5xx.o
                0x0000000020000004                SystemCoreClock
 .data.uwTickPrio
                0x0000000020000008        0x4 ./Drivers/STM32U5xx_HAL_Driver/Src/stm32u5xx_hal.o
                0x0000000020000008                uwTickPrio
 .data.uwTickFreq
                0x000000002000000c        0x1 ./Drivers/STM32U5xx_HAL_Driver/Src/stm32u5xx_hal.o
                0x000000002000000c                uwTickFreq
 *fill*         0x000000002000000d        0x3 
 .data.uxTopUsedPriority
                0x0000000020000010        0x4 ./Middlewares/Third_Party/FreeRTOS/Source/tasks.o
                0x0000000020000010                uxTopUsedPriority
 .data.ulCriticalNesting
                0x0000000020000014        0x4 ./Middlewares/Third_Party/FreeRTOS/Source/portable/GCC/ARM_CM33_NTZ/non_secure/port.o
 .data.__sglue  0x0000000020000018        0xc C:/ST/STM32CubeIDE_1.14.0/STM32CubeIDE/plugins/com.st.stm32cube.ide.mcu.externaltools.gnu-tools-for-stm32.11.3.rel1.win32_1.1.100.202309141235/tools/bin/../lib/gcc/arm-none-eabi/11.3.1/../../../../arm-none-eabi/lib/thumb/v8-m.main+fp/hard\libc_nano.a(libc_a-findfp.o)
                0x0000000020000018                __sglue
 .data._impure_data
                0x0000000020000024       0x4c C:/ST/STM32CubeIDE_1.14.0/STM32CubeIDE/plugins/com.st.stm32cube.ide.mcu.externaltools.gnu-tools-for-stm32.11.3.rel1.win32_1.1.100.202309141235/tools/bin/../lib/gcc/arm-none-eabi/11.3.1/../../../../arm-none-eabi/lib/thumb/v8-m.main+fp/hard\libc_nano.a(libc_a-impure.o)
                0x0000000020000024                _impure_data
 .data._impure_ptr
                0x0000000020000070        0x4 C:/ST/STM32CubeIDE_1.14.0/STM32CubeIDE/plugins/com.st.stm32cube.ide.mcu.externaltools.gnu-tools-for-stm32.11.3.rel1.win32_1.1.100.202309141235/tools/bin/../lib/gcc/arm-none-eabi/11.3.1/../../../../arm-none-eabi/lib/thumb/v8-m.main+fp/hard\libc_nano.a(libc_a-impure.o)
                0x0000000020000070                _impure_ptr
 *(.RamFunc)
 *(.RamFunc*)
                0x0000000020000074                _edata = .

.igot.plt       0x0000000020000074        0x0 load address 0x000000000800f190
 .igot.plt      0x0000000020000074        0x0 C:/ST/STM32CubeIDE_1.14.0/STM32CubeIDE/plugins/com.st.stm32cube.ide.mcu.externaltools.gnu-tools-for-stm32.11.3.rel1.win32_1.1.100.202309141235/tools/bin/../lib/gcc/arm-none-eabi/11.3.1/thumb/v8-m.main+fp/hard/crtbegin.o

.bss            0x0000000020000074    0x413ae load address 0x000000000800f190
                0x0000000020000074                _sbss = .
                0x0000000020000074                __bss_start__ = _sbss
 *(.bss)
 .bss           0x0000000020000074       0x1c C:/ST/STM32CubeIDE_1.14.0/STM32CubeIDE/plugins/com.st.stm32cube.ide.mcu.externaltools.gnu-tools-for-stm32.11.3.rel1.win32_1.1.100.202309141235/tools/bin/../lib/gcc/arm-none-eabi/11.3.1/thumb/v8-m.main+fp/hard/crtbegin.o
 *(.bss*)
 .bss.GPS_TaskHandle
                0x0000000020000090        0x4 ./Core/Src/app_freertos.o
                0x0000000020000090                GPS_TaskHandle
 .bss.defaultTaskHandle
                0x0000000020000094        0x4 ./Core/Src/app_freertos.o
                0x0000000020000094                defaultTaskHandle
 .bss.hi2c2     0x0000000020000098       0x54 ./Core/Src/main.o
                0x0000000020000098                hi2c2
 .bss.hspi3     0x00000000200000ec       0x90 ./Core/Src/main.o
                0x00000000200000ec                hspi3
 .bss.huart1    0x000000002000017c       0x94 ./Core/Src/main.o
                0x000000002000017c                huart1
 .bss.huart2    0x0000000020000210       0x94 ./Core/Src/main.o
                0x0000000020000210                huart2
 .bss.huart3    0x00000000200002a4       0x94 ./Core/Src/main.o
                0x00000000200002a4                huart3
 .bss.CardType  0x0000000020000338        0x1 ./Core/Src/spi_diskio.o
 *fill*         0x0000000020000339        0x3 
 .bss.spiTimerTickStart
                0x000000002000033c        0x4 ./Core/Src/spi_diskio.o
                0x000000002000033c                spiTimerTickStart
 .bss.spiTimerTickDelay
                0x0000000020000340        0x4 ./Core/Src/spi_diskio.o
                0x0000000020000340                spiTimerTickDelay
 .bss.htim1     0x0000000020000344       0x4c ./Core/Src/stm32u5xx_hal_timebase_tim.o
                0x0000000020000344                htim1
 .bss.__sbrk_heap_end
                0x0000000020000390        0x4 ./Core/Src/sysmem.o
 .bss.workBuffer
                0x0000000020000394      0x200 ./Core/Src/task_SD.o
                0x0000000020000394                workBuffer
 .bss.uwTick    0x0000000020000594        0x4 ./Drivers/STM32U5xx_HAL_Driver/Src/stm32u5xx_hal.o
                0x0000000020000594                uwTick
 .bss.FatFs     0x0000000020000598        0x4 ./Lib/FATFS/ff.o
 .bss.Fsid      0x000000002000059c        0x2 ./Lib/FATFS/ff.o
 *fill*         0x000000002000059e        0x2 
 .bss.Mutex     0x00000000200005a0        0x8 ./Lib/FATFS/ffsystem.o
 .bss.KernelState
                0x00000000200005a8        0x4 ./Middlewares/Third_Party/FreeRTOS/Source/CMSIS_RTOS_V2/cmsis_os2.o
 .bss.Idle_TCB.3
                0x00000000200005ac       0x5c ./Middlewares/Third_Party/FreeRTOS/Source/CMSIS_RTOS_V2/cmsis_os2.o
 .bss.Idle_Stack.2
                0x0000000020000608      0x200 ./Middlewares/Third_Party/FreeRTOS/Source/CMSIS_RTOS_V2/cmsis_os2.o
 .bss.Timer_TCB.1
                0x0000000020000808       0x5c ./Middlewares/Third_Party/FreeRTOS/Source/CMSIS_RTOS_V2/cmsis_os2.o
 .bss.Timer_Stack.0
                0x0000000020000864      0x400 ./Middlewares/Third_Party/FreeRTOS/Source/CMSIS_RTOS_V2/cmsis_os2.o
 .bss.xQueueRegistry
                0x0000000020000c64       0x40 ./Middlewares/Third_Party/FreeRTOS/Source/queue.o
                0x0000000020000c64                xQueueRegistry
 .bss.pxCurrentTCB
                0x0000000020000ca4        0x4 ./Middlewares/Third_Party/FreeRTOS/Source/tasks.o
                0x0000000020000ca4                pxCurrentTCB
 .bss.pxReadyTasksLists
                0x0000000020000ca8      0x460 ./Middlewares/Third_Party/FreeRTOS/Source/tasks.o