../Core/Src/main.c:82:1:__io_putchar	16	static
../Core/Src/main.c:95:5:main	8	static
../Core/Src/main.c:156:6:SystemClock_Config	128	static
../Core/Src/main.c:212:13:SystemPower_Config	16	static
../Core/Src/main.c:251:13:MX_I2C2_Init	8	static
../Core/Src/main.c:299:13:MX_ICACHE_Init	8	static
../Core/Src/main.c:331:13:MX_SPI3_Init	24	static
../Core/Src/main.c:388:13:MX_USART1_UART_Init	8	static
../Core/Src/main.c:436:13:MX_USART2_UART_Init	8	static
../Core/Src/main.c:484:13:MX_USART3_UART_Init	8	static
../Core/Src/main.c:532:13:MX_GPIO_Init	56	static
../Core/Src/main.c:645:6:HAL_TIM_PeriodElapsedCallback	16	static
../Core/Src/main.c:662:6:Error_Handler	4	static,ignoring_inline_asm
