../Core/Src/spi_diskio.c:94:6:SPI_Timer_On	16	static
../Core/Src/spi_diskio.c:99:9:SPI_Timer_Status	8	static
../Core/Src/spi_diskio.c:104:7:get_fattime	4	static
../Core/Src/spi_diskio.c:126:6:xchg_spi	32	static
../Core/Src/spi_diskio.c:138:6:rcvr_spi_multi	32	static
../Core/Src/spi_diskio.c:152:6:xmit_spi_multi	16	static
../Core/Src/spi_diskio.c:167:5:wait_ready	32	static
../Core/Src/spi_diskio.c:194:6:despiselect	8	static
../Core/Src/spi_diskio.c:207:5:spiselect	8	static
../Core/Src/spi_diskio.c:224:5:rcvr_datablock	24	static
../Core/Src/spi_diskio.c:253:5:xmit_datablock	24	static
../Core/Src/spi_diskio.c:281:6:send_cmd	24	static
../Core/Src/spi_diskio.c:327:9:disk_initialize	32	static
../Core/Src/spi_diskio.c:383:10:disk_status	16	static
../Core/Src/spi_diskio.c:398:10:disk_read	24	static
../Core/Src/spi_diskio.c:437:10:disk_write	24	static
../Core/Src/spi_diskio.c:478:10:disk_ioctl	56	static
