../Lib/minmea-master/minmea.h:285:20:minmea_isfield	16	static
../Lib/minmea-master/minmea.c:17:12:hex2int	16	static
../Lib/minmea-master/minmea.c:28:9:minmea_checksum	24	static
../Lib/minmea-master/minmea.c:43:6:minmea_check	32	static
../Lib/minmea-master/minmea.c:87:6:minmea_scan	164	static
../Lib/minmea-master/minmea.c:338:6:minmea_talker_id	24	static
../Lib/minmea-master/minmea.c:351:25:minmea_sentence_id	24	static
../Lib/minmea-master/minmea.c:382:6:minmea_parse_gbs	80	static
../Lib/minmea-master/minmea.c:404:6:minmea_parse_rmc	104	static
../Lib/minmea-master/minmea.c:434:6:minmea_parse_gga	112	static
../Lib/minmea-master/minmea.c:462:6:minmea_parse_gsa	152	static
../Lib/minmea-master/minmea.c:493:6:minmea_parse_gll	64	static
../Lib/minmea-master/minmea.c:517:6:minmea_parse_gst	80	static
../Lib/minmea-master/minmea.c:539:6:minmea_parse_gsv	168	static
../Lib/minmea-master/minmea.c:578:6:minmea_parse_vtg	72	static
../Lib/minmea-master/minmea.c:615:6:minmea_parse_zda	64	static
../Lib/minmea-master/minmea.c:641:5:minmea_getdatetime	24	static
../Lib/minmea-master/minmea.c:663:5:minmea_gettime	80	static
